Archive member included to satisfy reference by file (symbol)

c:/program files/atmel/studio/7.0/toolchain/avr8/avr8-gnu-toolchain/bin/../lib/gcc/avr/4.9.2/avr6\libgcc.a(_divmodhi4.o)
                              devices/key.o (__divmodhi4)
c:/program files/atmel/studio/7.0/toolchain/avr8/avr8-gnu-toolchain/bin/../lib/gcc/avr/4.9.2/avr6\libgcc.a(_udivmodsi4.o)
                              freertos/serial.o (__udivmodsi4)
c:/program files/atmel/studio/7.0/toolchain/avr8/avr8-gnu-toolchain/bin/../lib/gcc/avr/4.9.2/avr6\libgcc.a(_divmodsi4.o)
                              ds1820/ds18x20.o (__divmodsi4)
c:/program files/atmel/studio/7.0/toolchain/avr8/avr8-gnu-toolchain/bin/../lib/gcc/avr/4.9.2/avr6\libgcc.a(_negsi2.o)
                              c:/program files/atmel/studio/7.0/toolchain/avr8/avr8-gnu-toolchain/bin/../lib/gcc/avr/4.9.2/avr6\libgcc.a(_divmodsi4.o) (__negsi2)
c:/program files/atmel/studio/7.0/toolchain/avr8/avr8-gnu-toolchain/bin/../lib/gcc/avr/4.9.2/avr6\libgcc.a(_exit.o)
                              C:/Program Files/Atmel/Studio/7.0/Packs/atmel/ATmega_DFP/1.1.130/gcc/dev/atmega2560/avr6/crtatmega2560.o (exit)
c:/program files/atmel/studio/7.0/toolchain/avr8/avr8-gnu-toolchain/bin/../lib/gcc/avr/4.9.2/avr6\libgcc.a(_tablejump2.o)
                              freertos/serial.o (__tablejump2__)
c:/program files/atmel/studio/7.0/toolchain/avr8/avr8-gnu-toolchain/bin/../lib/gcc/avr/4.9.2/avr6\libgcc.a(_copy_data.o)
                              application/application.o (__do_copy_data)
c:/program files/atmel/studio/7.0/toolchain/avr8/avr8-gnu-toolchain/bin/../lib/gcc/avr/4.9.2/avr6\libgcc.a(_clear_bss.o)
                              application/application.o (__do_clear_bss)
c:/program files/atmel/studio/7.0/toolchain/avr8/avr8-gnu-toolchain/bin/../lib/gcc/avr/4.9.2/avr6\libgcc.a(_umulhisi3.o)
                              ds1820/ds18x20.o (__umulhisi3)
c:/program files/atmel/studio/7.0/toolchain/avr8/avr8-gnu-toolchain/bin/../lib/gcc/avr/4.9.2/avr6\libgcc.a(_udivmodhi4.o)
                              c:/program files/atmel/studio/7.0/toolchain/avr8/avr8-gnu-toolchain/bin/../lib/gcc/avr/4.9.2/avr6\libgcc.a(_divmodhi4.o) (__udivmodhi4)
c:/program files/atmel/studio/7.0/toolchain/avr8/avr8-gnu-toolchain/bin/../lib/gcc/avr/4.9.2/../../../../avr/lib/avr6\libc.a(strlen_P.o)
                              freertos/serial.o (__strlen_P)
c:/program files/atmel/studio/7.0/toolchain/avr8/avr8-gnu-toolchain/bin/../lib/gcc/avr/4.9.2/../../../../avr/lib/avr6\libc.a(memcpy.o)
                              freertos/queue.o (memcpy)
c:/program files/atmel/studio/7.0/toolchain/avr8/avr8-gnu-toolchain/bin/../lib/gcc/avr/4.9.2/../../../../avr/lib/avr6\libc.a(memset.o)
                              freertos/tasks.o (memset)
c:/program files/atmel/studio/7.0/toolchain/avr8/avr8-gnu-toolchain/bin/../lib/gcc/avr/4.9.2/../../../../avr/lib/avr6\libc.a(printf.o)
                              ds1820/ds18x20.o (printf)
c:/program files/atmel/studio/7.0/toolchain/avr8/avr8-gnu-toolchain/bin/../lib/gcc/avr/4.9.2/../../../../avr/lib/avr6\libc.a(vsnprintf.o)
                              freertos/serial.o (vsnprintf)
c:/program files/atmel/studio/7.0/toolchain/avr8/avr8-gnu-toolchain/bin/../lib/gcc/avr/4.9.2/../../../../avr/lib/avr6\libc.a(vsnprintf_p.o)
                              freertos/serial.o (vsnprintf_P)
c:/program files/atmel/studio/7.0/toolchain/avr8/avr8-gnu-toolchain/bin/../lib/gcc/avr/4.9.2/../../../../avr/lib/avr6\libc.a(system_tick.o)
                              freertos/port.o (system_tick)
c:/program files/atmel/studio/7.0/toolchain/avr8/avr8-gnu-toolchain/bin/../lib/gcc/avr/4.9.2/../../../../avr/lib/avr6\libc.a(vfprintf_std.o)
                              c:/program files/atmel/studio/7.0/toolchain/avr8/avr8-gnu-toolchain/bin/../lib/gcc/avr/4.9.2/../../../../avr/lib/avr6\libc.a(printf.o) (vfprintf)
c:/program files/atmel/studio/7.0/toolchain/avr8/avr8-gnu-toolchain/bin/../lib/gcc/avr/4.9.2/../../../../avr/lib/avr6\libc.a(strnlen_P.o)
                              c:/program files/atmel/studio/7.0/toolchain/avr8/avr8-gnu-toolchain/bin/../lib/gcc/avr/4.9.2/../../../../avr/lib/avr6\libc.a(vfprintf_std.o) (strnlen_P)
c:/program files/atmel/studio/7.0/toolchain/avr8/avr8-gnu-toolchain/bin/../lib/gcc/avr/4.9.2/../../../../avr/lib/avr6\libc.a(strnlen.o)
                              c:/program files/atmel/studio/7.0/toolchain/avr8/avr8-gnu-toolchain/bin/../lib/gcc/avr/4.9.2/../../../../avr/lib/avr6\libc.a(vfprintf_std.o) (strnlen)
c:/program files/atmel/studio/7.0/toolchain/avr8/avr8-gnu-toolchain/bin/../lib/gcc/avr/4.9.2/../../../../avr/lib/avr6\libc.a(fputc.o)
                              c:/program files/atmel/studio/7.0/toolchain/avr8/avr8-gnu-toolchain/bin/../lib/gcc/avr/4.9.2/../../../../avr/lib/avr6\libc.a(vfprintf_std.o) (fputc)
c:/program files/atmel/studio/7.0/toolchain/avr8/avr8-gnu-toolchain/bin/../lib/gcc/avr/4.9.2/../../../../avr/lib/avr6\libc.a(iob.o)
                              c:/program files/atmel/studio/7.0/toolchain/avr8/avr8-gnu-toolchain/bin/../lib/gcc/avr/4.9.2/../../../../avr/lib/avr6\libc.a(printf.o) (__iob)
c:/program files/atmel/studio/7.0/toolchain/avr8/avr8-gnu-toolchain/bin/../lib/gcc/avr/4.9.2/../../../../avr/lib/avr6\libc.a(ultoa_invert.o)
                              c:/program files/atmel/studio/7.0/toolchain/avr8/avr8-gnu-toolchain/bin/../lib/gcc/avr/4.9.2/../../../../avr/lib/avr6\libc.a(vfprintf_std.o) (__ultoa_invert)
c:/program files/atmel/studio/7.0/toolchain/avr8/avr8-gnu-toolchain/bin/../lib/gcc/avr/4.9.2/../../../../avr/lib/avr6\libc.a(system_time.o)
                              c:/program files/atmel/studio/7.0/toolchain/avr8/avr8-gnu-toolchain/bin/../lib/gcc/avr/4.9.2/../../../../avr/lib/avr6\libc.a(system_tick.o) (__system_time)

Allocating common symbols
Common symbol       size              file

xSerialPort         0x22              application/application.o
portTickRateHz      0x2               freertos/port.o
xSerial2Port        0x22              freertos/serial.o
xSerial3Port        0x22              freertos/serial.o
getSensorIDs        0x40              ds1820/onewire.o
xSerial1Port        0x22              freertos/serial.o
__iob               0x6               c:/program files/atmel/studio/7.0/toolchain/avr8/avr8-gnu-toolchain/bin/../lib/gcc/avr/4.9.2/../../../../avr/lib/avr6\libc.a(iob.o)
ticksRemainingInSec
                    0x2               freertos/port.o
__system_time       0x4               c:/program files/atmel/studio/7.0/toolchain/avr8/avr8-gnu-toolchain/bin/../lib/gcc/avr/4.9.2/../../../../avr/lib/avr6\libc.a(system_time.o)

Discarded input sections

 .data          0x00000000        0x0 C:/Program Files/Atmel/Studio/7.0/Packs/atmel/ATmega_DFP/1.1.130/gcc/dev/atmega2560/avr6/crtatmega2560.o
 .bss           0x00000000        0x0 C:/Program Files/Atmel/Studio/7.0/Packs/atmel/ATmega_DFP/1.1.130/gcc/dev/atmega2560/avr6/crtatmega2560.o
 .text          0x00000000        0x0 application/application.o
 .data          0x00000000        0x0 application/application.o
 .bss           0x00000000        0x0 application/application.o
 .text          0x00000000        0x0 devices/adc.o
 .data          0x00000000        0x0 devices/adc.o
 .bss           0x00000000        0x0 devices/adc.o
 .text.ReadADC  0x00000000       0x6c devices/adc.o
 .text.InitADC  0x00000000       0x12 devices/adc.o
 .debug_info    0x00000000       0xed devices/adc.o
 .debug_abbrev  0x00000000       0xa5 devices/adc.o
 .debug_loc     0x00000000       0xf8 devices/adc.o
 .debug_aranges
                0x00000000       0x28 devices/adc.o
 .debug_ranges  0x00000000       0x18 devices/adc.o
 .debug_line    0x00000000      0x126 devices/adc.o
 .debug_str     0x00000000      0x198 devices/adc.o
 .comment       0x00000000       0x31 devices/adc.o
 .debug_frame   0x00000000       0x40 devices/adc.o
 .text          0x00000000        0x0 devices/key.o
 .data          0x00000000        0x0 devices/key.o
 .bss           0x00000000        0x0 devices/key.o
 .text.GetKey   0x00000000       0x7c devices/key.o
 .debug_info    0x00000000       0xf5 devices/key.o
 .debug_abbrev  0x00000000       0xc0 devices/key.o
 .debug_loc     0x00000000       0xe5 devices/key.o
 .debug_aranges
                0x00000000       0x20 devices/key.o
 .debug_ranges  0x00000000       0x10 devices/key.o
 .debug_line    0x00000000       0xbf devices/key.o
 .debug_str     0x00000000      0x18a devices/key.o
 .comment       0x00000000       0x31 devices/key.o
 .debug_frame   0x00000000       0x38 devices/key.o
 .text          0x00000000        0x0 devices/lcd_ard.o
 .data          0x00000000        0x0 devices/lcd_ard.o
 .bss           0x00000000        0x0 devices/lcd_ard.o
 .text.lcd_write
                0x00000000       0xac devices/lcd_ard.o
 .text.lcd_command
                0x00000000       0x16 devices/lcd_ard.o
 .text.lcd_gotoxy
                0x00000000       0x2c devices/lcd_ard.o
 .text.lcd_clrscr
                0x00000000        0x8 devices/lcd_ard.o
 .text.lcd_home
                0x00000000        0x8 devices/lcd_ard.o
 .text.lcd_putc
                0x00000000        0xa devices/lcd_ard.o
 .text.lcd_puts
                0x00000000       0x20 devices/lcd_ard.o
 .text.lcd_puts_p
                0x00000000       0x24 devices/lcd_ard.o
 .text.lcd_init
                0x00000000       0x6c devices/lcd_ard.o
 .debug_info    0x00000000      0x61e devices/lcd_ard.o
 .debug_abbrev  0x00000000      0x1f2 devices/lcd_ard.o
 .debug_loc     0x00000000      0x391 devices/lcd_ard.o
 .debug_aranges
                0x00000000       0x60 devices/lcd_ard.o
 .debug_ranges  0x00000000       0x68 devices/lcd_ard.o
 .debug_line    0x00000000      0x3d1 devices/lcd_ard.o
 .debug_str     0x00000000      0x260 devices/lcd_ard.o
 .comment       0x00000000       0x31 devices/lcd_ard.o
 .debug_frame   0x00000000       0xd0 devices/lcd_ard.o
 .text          0x00000000        0x0 devices/led.o
 .data          0x00000000        0x0 devices/led.o
 .bss           0x00000000        0x0 devices/led.o
 .text.LedOn    0x00000000       0x12 devices/led.o
 .text.LedOff   0x00000000       0x12 devices/led.o
 .debug_info    0x00000000       0xc0 devices/led.o
 .debug_abbrev  0x00000000       0x7a devices/led.o
 .debug_aranges
                0x00000000       0x28 devices/led.o
 .debug_ranges  0x00000000       0x18 devices/led.o
 .debug_line    0x00000000       0xe6 devices/led.o
 .debug_str     0x00000000      0x188 devices/led.o
 .comment       0x00000000       0x31 devices/led.o
 .debug_frame   0x00000000       0x34 devices/led.o
 .text          0x00000000        0x0 ds1820/crc8.o
 .data          0x00000000        0x0 ds1820/crc8.o
 .bss           0x00000000        0x0 ds1820/crc8.o
 .text.crc8     0x00000000       0x3a ds1820/crc8.o
 .debug_info    0x00000000      0x104 ds1820/crc8.o
 .debug_abbrev  0x00000000       0x8b ds1820/crc8.o
 .debug_loc     0x00000000      0x1c0 ds1820/crc8.o
 .debug_aranges
                0x00000000       0x20 ds1820/crc8.o
 .debug_ranges  0x00000000       0x10 ds1820/crc8.o
 .debug_line    0x00000000       0xf0 ds1820/crc8.o
 .debug_str     0x00000000      0x1be ds1820/crc8.o
 .comment       0x00000000       0x31 ds1820/crc8.o
 .debug_frame   0x00000000       0x24 ds1820/crc8.o
 .text          0x00000000        0x0 ds1820/ds18x20.o
 .data          0x00000000        0x0 ds1820/ds18x20.o
 .bss           0x00000000        0x0 ds1820/ds18x20.o
 .text.read_scratchpad
                0x00000000       0x52 ds1820/ds18x20.o
 .text.DS18X20_find_sensor
                0x00000000       0x44 ds1820/ds18x20.o
 .text.DS18X20_get_power_status
                0x00000000       0x2c ds1820/ds18x20.o
 .rodata.str1.1
                0x00000000       0xe0 ds1820/ds18x20.o
 .text.DS18X20_start_meas
                0x00000000       0x4c ds1820/ds18x20.o
 .text.DS18X20_conversion_in_progress
                0x00000000       0x10 ds1820/ds18x20.o
 .text.DS18X20_read_maxres
                0x00000000      0x11c ds1820/ds18x20.o
 .text.DS18X20_format_from_maxres
                0x00000000      0x146 ds1820/ds18x20.o
 .text.DS18X20_write_scratchpad
                0x00000000       0x68 ds1820/ds18x20.o
 .text.DS18X20_read_scratchpad
                0x00000000       0x46 ds1820/ds18x20.o
 .text.DS18X20_scratchpad_to_eeprom
                0x00000000       0x68 ds1820/ds18x20.o
 .text.DS18X20_eeprom_to_scratchpad
                0x00000000       0x64 ds1820/ds18x20.o
 .debug_info    0x00000000      0x9a0 ds1820/ds18x20.o
 .debug_abbrev  0x00000000      0x2e4 ds1820/ds18x20.o
 .debug_loc     0x00000000      0xd55 ds1820/ds18x20.o
 .debug_aranges
                0x00000000       0x70 ds1820/ds18x20.o
 .debug_ranges  0x00000000       0x90 ds1820/ds18x20.o
 .debug_line    0x00000000      0x4f6 ds1820/ds18x20.o
 .debug_str     0x00000000      0x42a ds1820/ds18x20.o
 .comment       0x00000000       0x31 ds1820/ds18x20.o
 .debug_frame   0x00000000      0x1f4 ds1820/ds18x20.o
 .text          0x00000000        0x0 ds1820/onewire.o
 .data          0x00000000        0x0 ds1820/onewire.o
 .bss           0x00000000        0x0 ds1820/onewire.o
 .text.ow_input_pin_state
                0x00000000        0x6 ds1820/onewire.o
 .text.ow_parasite_enable
                0x00000000        0x6 ds1820/onewire.o
 .text.ow_bit_io_intern
                0x00000000       0x40 ds1820/onewire.o
 .text.ow_parasite_disable
                0x00000000        0x4 ds1820/onewire.o
 .text.ow_reset
                0x00000000       0x3c ds1820/onewire.o
 .text.ow_bit_io
                0x00000000        0xa ds1820/onewire.o
 .text.ow_byte_wr
                0x00000000       0x22 ds1820/onewire.o
 .text.ow_byte_wr_with_parasite_enable
                0x00000000       0x3c ds1820/onewire.o
 .text.ow_command_intern
                0x00000000       0x5a ds1820/onewire.o
 .text.ow_byte_rd
                0x00000000        0x8 ds1820/onewire.o
 .text.ow_rom_search
                0x00000000       0xb4 ds1820/onewire.o
 .text.ow_command
                0x00000000        0x8 ds1820/onewire.o
 .text.ow_command_with_parasite_enable
                0x00000000        0x8 ds1820/onewire.o
 .text.search_sensors
                0x00000000       0xa0 ds1820/onewire.o
 .text.GetSensorCount
                0x00000000        0x6 ds1820/onewire.o
 .text.GetTemperature
                0x00000000       0x64 ds1820/onewire.o
 .debug_info    0x00000000      0x8f8 ds1820/onewire.o
 .debug_abbrev  0x00000000      0x2d7 ds1820/onewire.o
 .debug_loc     0x00000000      0x6e8 ds1820/onewire.o
 .debug_aranges
                0x00000000       0x98 ds1820/onewire.o
 .debug_ranges  0x00000000       0x88 ds1820/onewire.o
 .debug_line    0x00000000      0x501 ds1820/onewire.o
 .debug_str     0x00000000      0x379 ds1820/onewire.o
 .comment       0x00000000       0x31 ds1820/onewire.o
 .debug_frame   0x00000000      0x1c0 ds1820/onewire.o
 COMMON         0x00000000       0x40 ds1820/onewire.o
 .text          0x00000000        0x0 freertos/croutine.o
 .data          0x00000000        0x0 freertos/croutine.o
 .bss           0x00000000        0x0 freertos/croutine.o
 .debug_info    0x00000000       0x64 freertos/croutine.o
 .debug_abbrev  0x00000000       0x26 freertos/croutine.o
 .debug_aranges
                0x00000000       0x18 freertos/croutine.o
 .debug_line    0x00000000       0x1a freertos/croutine.o
 .debug_str     0x00000000      0x17b freertos/croutine.o
 .comment       0x00000000       0x31 freertos/croutine.o
 .text          0x00000000        0x0 freertos/heap_1.o
 .data          0x00000000        0x0 freertos/heap_1.o
 .bss           0x00000000        0x0 freertos/heap_1.o
 .text.vPortInitialiseBlocks
                0x00000000        0xa freertos/heap_1.o
 .text.xPortGetFreeHeapSize
                0x00000000       0x12 freertos/heap_1.o
 .text          0x00000000        0x0 freertos/list.o
 .data          0x00000000        0x0 freertos/list.o
 .bss           0x00000000        0x0 freertos/list.o
 .text.vListInsert
                0x00000000       0x62 freertos/list.o
 .text          0x00000000        0x0 freertos/port.o
 .data          0x00000000        0x0 freertos/port.o
 .bss           0x00000000        0x0 freertos/port.o
 .text.vPortEndScheduler
                0x00000000        0xc freertos/port.o
 .text          0x00000000        0x0 freertos/queue.o
 .data          0x00000000        0x0 freertos/queue.o
 .bss           0x00000000        0x0 freertos/queue.o
 .text.xQueueGenericReset
                0x00000000       0x7a freertos/queue.o
 .text.xQueueGenericCreate
                0x00000000       0xa4 freertos/queue.o
 .text.xQueueCreateMutex
                0x00000000      0x30a freertos/queue.o
 .text.xQueueGiveMutexRecursive
                0x00000000      0x30c freertos/queue.o
 .text.xQueueTakeMutexRecursive
                0x00000000      0x33c freertos/queue.o
 .text.xQueueCreateCountingSemaphore
                0x00000000       0x80 freertos/queue.o
 .text.xQueueGenericSend
                0x00000000      0x3a8 freertos/queue.o
 .text.xQueueGive
                0x00000000      0x2ea freertos/queue.o
 .text.xQueueGenericSendFromISR
                0x00000000      0x112 freertos/queue.o
 .text.xQueueGiveFromISR
                0x00000000       0x56 freertos/queue.o
 .text.xQueueGenericReceive
                0x00000000      0x348 freertos/queue.o
 .text.xQueueReceiveFromISR
                0x00000000       0x90 freertos/queue.o
 .text.xQueuePeekFromISR
                0x00000000       0x56 freertos/queue.o
 .text.uxQueueMessagesWaiting
                0x00000000       0x10 freertos/queue.o
 .text.uxQueueSpacesAvailable
                0x00000000       0x14 freertos/queue.o
 .text.uxQueueMessagesWaitingFromISR
                0x00000000        0x6 freertos/queue.o
 .text.vQueueDelete
                0x00000000        0x6 freertos/queue.o
 .text.xQueueIsQueueEmptyFromISR
                0x00000000        0xc freertos/queue.o
 .text.xQueueIsQueueFullFromISR
                0x00000000        0xe freertos/queue.o
 .debug_info    0x00000000     0x1ece freertos/queue.o
 .debug_abbrev  0x00000000      0x2ff freertos/queue.o
 .debug_loc     0x00000000     0x2059 freertos/queue.o
 .debug_aranges
                0x00000000       0xb0 freertos/queue.o
 .debug_ranges  0x00000000      0x198 freertos/queue.o
 .debug_line    0x00000000     0x1540 freertos/queue.o
 .debug_str     0x00000000      0x7ab freertos/queue.o
 .comment       0x00000000       0x31 freertos/queue.o
 .debug_frame   0x00000000      0x360 freertos/queue.o
 .text          0x00000000        0x0 freertos/tasks.o
 .data          0x00000000        0x0 freertos/tasks.o
 .bss           0x00000000        0x0 freertos/tasks.o
 .text.vTaskDelete
                0x00000000       0xc6 freertos/tasks.o
 .text.vTaskDelayUntil
                0x00000000      0x378 freertos/tasks.o
 .text.vTaskDelay
                0x00000000      0x33c freertos/tasks.o
 .text.uxTaskPriorityGet
                0x00000000       0x1c freertos/tasks.o
 .text.uxTaskPriorityGetFromISR
                0x00000000       0x12 freertos/tasks.o
 .text.vTaskPrioritySet
                0x00000000       0xfa freertos/tasks.o
 .text.vTaskSuspend
                0x00000000      0x1ac freertos/tasks.o
 .text.vTaskResume
                0x00000000       0x9e freertos/tasks.o
 .text.xTaskResumeFromISR
                0x00000000       0xae freertos/tasks.o
 .text.vTaskEndScheduler
                0x00000000        0xe freertos/tasks.o
 .text.xTaskGetTickCount
                0x00000000       0x14 freertos/tasks.o
 .text.xTaskGetTickCountFromISR
                0x00000000        0xa freertos/tasks.o
 .text.uxTaskGetNumberOfTasks
                0x00000000        0x6 freertos/tasks.o
 .text.vTaskPlaceOnEventList
                0x00000000       0xb8 freertos/tasks.o
 .text.vTaskPlaceOnUnorderedEventList
                0x00000000       0xc4 freertos/tasks.o
 .text.xTaskRemoveFromEventList
                0x00000000       0x90 freertos/tasks.o
 .text.xTaskRemoveFromUnorderedEventList
                0x00000000       0x74 freertos/tasks.o
 .text.vTaskSetTimeOutState
                0x00000000       0x16 freertos/tasks.o
 .text.xTaskCheckForTimeOut
                0x00000000       0x76 freertos/tasks.o
 .text.vTaskMissedYield
                0x00000000        0x8 freertos/tasks.o
 .text.uxTaskGetStackHighWaterMark
                0x00000000       0x3a freertos/tasks.o
 .text.xTaskGetCurrentTaskHandle
                0x00000000        0xa freertos/tasks.o
 .text.vTaskPriorityInherit
                0x00000000       0xc4 freertos/tasks.o
 .text.xTaskPriorityDisinherit
                0x00000000       0x80 freertos/tasks.o
 .text.uxTaskResetEventItemValue
                0x00000000       0x2e freertos/tasks.o
 .text.pvTaskIncrementMutexHeldCount
                0x00000000       0x24 freertos/tasks.o
 .text.ulTaskNotifyTake
                0x00000000      0x14e freertos/tasks.o
 .text.xTaskNotifyWait
                0x00000000      0x19e freertos/tasks.o
 .text.xTaskGenericNotify
                0x00000000       0xfc freertos/tasks.o
 .text.xTaskGenericNotifyFromISR
                0x00000000      0x11c freertos/tasks.o
 .text.vTaskNotifyGiveFromISR
                0x00000000       0xae freertos/tasks.o
 .text.xTaskNotifyStateClear
                0x00000000       0x28 freertos/tasks.o
 .text          0x00000000        0x0 protocol/io.o
 .data          0x00000000        0x0 protocol/io.o
 .bss           0x00000000        0x0 protocol/io.o
 .text.PutByte  0x00000000        0xc protocol/io.o
 .text.GetByte  0x00000000       0x16 protocol/io.o
 .bss.ch.2574   0x00000000        0x1 protocol/io.o
 .debug_info    0x00000000      0x306 protocol/io.o
 .debug_abbrev  0x00000000      0x147 protocol/io.o
 .debug_loc     0x00000000       0x50 protocol/io.o
 .debug_aranges
                0x00000000       0x28 protocol/io.o
 .debug_ranges  0x00000000       0x18 protocol/io.o
 .debug_line    0x00000000       0xef protocol/io.o
 .debug_str     0x00000000      0x2e1 protocol/io.o
 .comment       0x00000000       0x31 protocol/io.o
 .debug_frame   0x00000000       0x34 protocol/io.o
 .text          0x00000000        0x0 protocol/protocol.o
 .data          0x00000000        0x0 protocol/protocol.o
 .bss           0x00000000        0x0 protocol/protocol.o
 .text.AddCheckSum
                0x00000000       0x34 protocol/protocol.o
 .text.SendMsg  0x00000000       0xde protocol/protocol.o
 .text.ReceiveMsg
                0x00000000      0x118 protocol/protocol.o
 .debug_info    0x00000000      0x34b protocol/protocol.o
 .debug_abbrev  0x00000000      0x11e protocol/protocol.o
 .debug_loc     0x00000000      0x532 protocol/protocol.o
 .debug_aranges
                0x00000000       0x30 protocol/protocol.o
 .debug_ranges  0x00000000       0x50 protocol/protocol.o
 .debug_line    0x00000000      0x1d8 protocol/protocol.o
 .debug_str     0x00000000      0x212 protocol/protocol.o
 .comment       0x00000000       0x31 protocol/protocol.o
 .debug_frame   0x00000000       0xa4 protocol/protocol.o
 .text          0x00000000        0x0 freertos/serial.o
 .data          0x00000000        0x0 freertos/serial.o
 .bss           0x00000000        0x0 freertos/serial.o
 .text.ringBuffer_InitBuffer
                0x00000000       0x2a freertos/serial.o
 .text.ringBuffer_Flush
                0x00000000       0x1e freertos/serial.o
 .text.ringBuffer_GetCount
                0x00000000       0x12 freertos/serial.o
 .text.ringBuffer_GetFreeCount
                0x00000000       0x1a freertos/serial.o
 .text.ringBuffer_IsEmpty
                0x00000000       0x1a freertos/serial.o
 .text.ringBuffer_IsFull
                0x00000000       0x20 freertos/serial.o
 .text.ringBuffer_Poke
                0x00000000       0x3a freertos/serial.o
 .text.ringBuffer_Pop
                0x00000000       0x36 freertos/serial.o
 .text.ringBuffer_Peek
                0x00000000        0xe freertos/serial.o
 .text.xSerialPrint
                0x00000000      0x190 freertos/serial.o
 .progmem.gcc_sw_table.xSerialPrint
                0x00000000       0x10 freertos/serial.o
 .text.xSerialPrintf
                0x00000000       0x74 freertos/serial.o
 .text.xSerialPrintf_P
                0x00000000       0x74 freertos/serial.o
 .text.xSerialPrint_P
                0x00000000      0x1a6 freertos/serial.o
 .progmem.gcc_sw_table.xSerialPrint_P
                0x00000000       0x10 freertos/serial.o
 .text.xSerialxPrint
                0x00000000      0x18a freertos/serial.o
 .progmem.gcc_sw_table.xSerialxPrint
                0x00000000       0x10 freertos/serial.o
 .text.xSerialxPrintf
                0x00000000       0x5a freertos/serial.o
 .text.xSerialxPrintf_P
                0x00000000       0x5a freertos/serial.o
 .text.xSerialxPrint_P
                0x00000000      0x196 freertos/serial.o
 .progmem.gcc_sw_table.xSerialxPrint_P
                0x00000000       0x10 freertos/serial.o
 .text.xSerialRxFlush
                0x00000000       0xba freertos/serial.o
 .progmem.gcc_sw_table.xSerialRxFlush
                0x00000000       0x10 freertos/serial.o
 .text.xSerialTxFlush
                0x00000000       0x74 freertos/serial.o
 .progmem.gcc_sw_table.xSerialTxFlush
                0x00000000       0x10 freertos/serial.o
 .text.xSerialAvailableChar
                0x00000000       0x12 freertos/serial.o
 .text.xSerialGetChar
                0x00000000       0x54 freertos/serial.o
 .text.xSerialPortReInit
                0x00000000      0x4f0 freertos/serial.o
 .progmem.gcc_sw_table.xSerialPortReInit
                0x00000000       0x20 freertos/serial.o
 .text.vSerialClose
                0x00000000       0x8c freertos/serial.o
 .progmem.gcc_sw_table.vSerialClose
                0x00000000       0x10 freertos/serial.o
 .text.avrSerialPrint
                0x00000000       0x48 freertos/serial.o
 .text.avrSerialPrintf
                0x00000000       0x60 freertos/serial.o
 .text.avrSerialPrintf_P
                0x00000000       0x60 freertos/serial.o
 .text.avrSerialPrint_P
                0x00000000       0x44 freertos/serial.o
 .text.avrSerialWrite
                0x00000000       0x20 freertos/serial.o
 .text.avrSerialRead
                0x00000000       0x2c freertos/serial.o
 .text.avrSerialCheckRxComplete
                0x00000000        0x8 freertos/serial.o
 .text.avrSerialCheckTxReady
                0x00000000        0x8 freertos/serial.o
 .text.avrSerialxPrint
                0x00000000      0x10e freertos/serial.o
 .progmem.gcc_sw_table.avrSerialxPrint
                0x00000000       0x20 freertos/serial.o
 .text.avrSerialxPrintf
                0x00000000       0x5e freertos/serial.o
 .text.avrSerialxPrintf_P
                0x00000000       0x5e freertos/serial.o
 .text.avrSerialxPrint_P
                0x00000000      0x10e freertos/serial.o
 .progmem.gcc_sw_table.avrSerialxPrint_P
                0x00000000       0x20 freertos/serial.o
 .text.avrSerialxWrite
                0x00000000       0x96 freertos/serial.o
 .progmem.gcc_sw_table.avrSerialxWrite
                0x00000000       0x20 freertos/serial.o
 .text.avrSerialxRead
                0x00000000       0xe0 freertos/serial.o
 .progmem.gcc_sw_table.avrSerialxRead
                0x00000000       0x10 freertos/serial.o
 .text.avrSerialxCheckRxComplete
                0x00000000       0x3e freertos/serial.o
 .progmem.gcc_sw_table.avrSerialxCheckRxComplete
                0x00000000       0x10 freertos/serial.o
 .text.avrSerialxCheckTxReady
                0x00000000       0x3e freertos/serial.o
 .progmem.gcc_sw_table.avrSerialxCheckTxReady
                0x00000000       0x10 freertos/serial.o
 .text          0x00000000        0x0 c:/program files/atmel/studio/7.0/toolchain/avr8/avr8-gnu-toolchain/bin/../lib/gcc/avr/4.9.2/avr6\libgcc.a(_divmodhi4.o)
 .data          0x00000000        0x0 c:/program files/atmel/studio/7.0/toolchain/avr8/avr8-gnu-toolchain/bin/../lib/gcc/avr/4.9.2/avr6\libgcc.a(_divmodhi4.o)
 .bss           0x00000000        0x0 c:/program files/atmel/studio/7.0/toolchain/avr8/avr8-gnu-toolchain/bin/../lib/gcc/avr/4.9.2/avr6\libgcc.a(_divmodhi4.o)
 .text.libgcc.mul
                0x00000000        0x0 c:/program files/atmel/studio/7.0/toolchain/avr8/avr8-gnu-toolchain/bin/../lib/gcc/avr/4.9.2/avr6\libgcc.a(_divmodhi4.o)
 .text.libgcc.div
                0x00000000       0x28 c:/program files/atmel/studio/7.0/toolchain/avr8/avr8-gnu-toolchain/bin/../lib/gcc/avr/4.9.2/avr6\libgcc.a(_divmodhi4.o)
 .text.libgcc   0x00000000        0x0 c:/program files/atmel/studio/7.0/toolchain/avr8/avr8-gnu-toolchain/bin/../lib/gcc/avr/4.9.2/avr6\libgcc.a(_divmodhi4.o)
 .text.libgcc.prologue
                0x00000000        0x0 c:/program files/atmel/studio/7.0/toolchain/avr8/avr8-gnu-toolchain/bin/../lib/gcc/avr/4.9.2/avr6\libgcc.a(_divmodhi4.o)
 .text.libgcc.builtins
                0x00000000        0x0 c:/program files/atmel/studio/7.0/toolchain/avr8/avr8-gnu-toolchain/bin/../lib/gcc/avr/4.9.2/avr6\libgcc.a(_divmodhi4.o)
 .text.libgcc.fmul
                0x00000000        0x0 c:/program files/atmel/studio/7.0/toolchain/avr8/avr8-gnu-toolchain/bin/../lib/gcc/avr/4.9.2/avr6\libgcc.a(_divmodhi4.o)
 .text.libgcc.fixed
                0x00000000        0x0 c:/program files/atmel/studio/7.0/toolchain/avr8/avr8-gnu-toolchain/bin/../lib/gcc/avr/4.9.2/avr6\libgcc.a(_divmodhi4.o)
 .text          0x00000000        0x0 c:/program files/atmel/studio/7.0/toolchain/avr8/avr8-gnu-toolchain/bin/../lib/gcc/avr/4.9.2/avr6\libgcc.a(_udivmodsi4.o)
 .data          0x00000000        0x0 c:/program files/atmel/studio/7.0/toolchain/avr8/avr8-gnu-toolchain/bin/../lib/gcc/avr/4.9.2/avr6\libgcc.a(_udivmodsi4.o)
 .bss           0x00000000        0x0 c:/program files/atmel/studio/7.0/toolchain/avr8/avr8-gnu-toolchain/bin/../lib/gcc/avr/4.9.2/avr6\libgcc.a(_udivmodsi4.o)
 .text.libgcc.mul
                0x00000000        0x0 c:/program files/atmel/studio/7.0/toolchain/avr8/avr8-gnu-toolchain/bin/../lib/gcc/avr/4.9.2/avr6\libgcc.a(_udivmodsi4.o)
 .text.libgcc   0x00000000        0x0 c:/program files/atmel/studio/7.0/toolchain/avr8/avr8-gnu-toolchain/bin/../lib/gcc/avr/4.9.2/avr6\libgcc.a(_udivmodsi4.o)
 .text.libgcc.prologue
                0x00000000        0x0 c:/program files/atmel/studio/7.0/toolchain/avr8/avr8-gnu-toolchain/bin/../lib/gcc/avr/4.9.2/avr6\libgcc.a(_udivmodsi4.o)
 .text.libgcc.builtins
                0x00000000        0x0 c:/program files/atmel/studio/7.0/toolchain/avr8/avr8-gnu-toolchain/bin/../lib/gcc/avr/4.9.2/avr6\libgcc.a(_udivmodsi4.o)
 .text.libgcc.fmul
                0x00000000        0x0 c:/program files/atmel/studio/7.0/toolchain/avr8/avr8-gnu-toolchain/bin/../lib/gcc/avr/4.9.2/avr6\libgcc.a(_udivmodsi4.o)
 .text.libgcc.fixed
                0x00000000        0x0 c:/program files/atmel/studio/7.0/toolchain/avr8/avr8-gnu-toolchain/bin/../lib/gcc/avr/4.9.2/avr6\libgcc.a(_udivmodsi4.o)
 .text          0x00000000        0x0 c:/program files/atmel/studio/7.0/toolchain/avr8/avr8-gnu-toolchain/bin/../lib/gcc/avr/4.9.2/avr6\libgcc.a(_divmodsi4.o)
 .data          0x00000000        0x0 c:/program files/atmel/studio/7.0/toolchain/avr8/avr8-gnu-toolchain/bin/../lib/gcc/avr/4.9.2/avr6\libgcc.a(_divmodsi4.o)
 .bss           0x00000000        0x0 c:/program files/atmel/studio/7.0/toolchain/avr8/avr8-gnu-toolchain/bin/../lib/gcc/avr/4.9.2/avr6\libgcc.a(_divmodsi4.o)
 .text.libgcc.mul
                0x00000000        0x0 c:/program files/atmel/studio/7.0/toolchain/avr8/avr8-gnu-toolchain/bin/../lib/gcc/avr/4.9.2/avr6\libgcc.a(_divmodsi4.o)
 .text.libgcc.div
                0x00000000       0x2e c:/program files/atmel/studio/7.0/toolchain/avr8/avr8-gnu-toolchain/bin/../lib/gcc/avr/4.9.2/avr6\libgcc.a(_divmodsi4.o)
 .text.libgcc   0x00000000        0x0 c:/program files/atmel/studio/7.0/toolchain/avr8/avr8-gnu-toolchain/bin/../lib/gcc/avr/4.9.2/avr6\libgcc.a(_divmodsi4.o)
 .text.libgcc.prologue
                0x00000000        0x0 c:/program files/atmel/studio/7.0/toolchain/avr8/avr8-gnu-toolchain/bin/../lib/gcc/avr/4.9.2/avr6\libgcc.a(_divmodsi4.o)
 .text.libgcc.builtins
                0x00000000        0x0 c:/program files/atmel/studio/7.0/toolchain/avr8/avr8-gnu-toolchain/bin/../lib/gcc/avr/4.9.2/avr6\libgcc.a(_divmodsi4.o)
 .text.libgcc.fmul
                0x00000000        0x0 c:/program files/atmel/studio/7.0/toolchain/avr8/avr8-gnu-toolchain/bin/../lib/gcc/avr/4.9.2/avr6\libgcc.a(_divmodsi4.o)
 .text.libgcc.fixed
                0x00000000        0x0 c:/program files/atmel/studio/7.0/toolchain/avr8/avr8-gnu-toolchain/bin/../lib/gcc/avr/4.9.2/avr6\libgcc.a(_divmodsi4.o)
 .text          0x00000000        0x0 c:/program files/atmel/studio/7.0/toolchain/avr8/avr8-gnu-toolchain/bin/../lib/gcc/avr/4.9.2/avr6\libgcc.a(_negsi2.o)
 .data          0x00000000        0x0 c:/program files/atmel/studio/7.0/toolchain/avr8/avr8-gnu-toolchain/bin/../lib/gcc/avr/4.9.2/avr6\libgcc.a(_negsi2.o)
 .bss           0x00000000        0x0 c:/program files/atmel/studio/7.0/toolchain/avr8/avr8-gnu-toolchain/bin/../lib/gcc/avr/4.9.2/avr6\libgcc.a(_negsi2.o)
 .text.libgcc.mul
                0x00000000        0x0 c:/program files/atmel/studio/7.0/toolchain/avr8/avr8-gnu-toolchain/bin/../lib/gcc/avr/4.9.2/avr6\libgcc.a(_negsi2.o)
 .text.libgcc.div
                0x00000000       0x10 c:/program files/atmel/studio/7.0/toolchain/avr8/avr8-gnu-toolchain/bin/../lib/gcc/avr/4.9.2/avr6\libgcc.a(_negsi2.o)
 .text.libgcc   0x00000000        0x0 c:/program files/atmel/studio/7.0/toolchain/avr8/avr8-gnu-toolchain/bin/../lib/gcc/avr/4.9.2/avr6\libgcc.a(_negsi2.o)
 .text.libgcc.prologue
                0x00000000        0x0 c:/program files/atmel/studio/7.0/toolchain/avr8/avr8-gnu-toolchain/bin/../lib/gcc/avr/4.9.2/avr6\libgcc.a(_negsi2.o)
 .text.libgcc.builtins
                0x00000000        0x0 c:/program files/atmel/studio/7.0/toolchain/avr8/avr8-gnu-toolchain/bin/../lib/gcc/avr/4.9.2/avr6\libgcc.a(_negsi2.o)
 .text.libgcc.fmul
                0x00000000        0x0 c:/program files/atmel/studio/7.0/toolchain/avr8/avr8-gnu-toolchain/bin/../lib/gcc/avr/4.9.2/avr6\libgcc.a(_negsi2.o)
 .text.libgcc.fixed
                0x00000000        0x0 c:/program files/atmel/studio/7.0/toolchain/avr8/avr8-gnu-toolchain/bin/../lib/gcc/avr/4.9.2/avr6\libgcc.a(_negsi2.o)
 .text          0x00000000        0x0 c:/program files/atmel/studio/7.0/toolchain/avr8/avr8-gnu-toolchain/bin/../lib/gcc/avr/4.9.2/avr6\libgcc.a(_exit.o)
 .data          0x00000000        0x0 c:/program files/atmel/studio/7.0/toolchain/avr8/avr8-gnu-toolchain/bin/../lib/gcc/avr/4.9.2/avr6\libgcc.a(_exit.o)
 .bss           0x00000000        0x0 c:/program files/atmel/studio/7.0/toolchain/avr8/avr8-gnu-toolchain/bin/../lib/gcc/avr/4.9.2/avr6\libgcc.a(_exit.o)
 .text.libgcc.mul
                0x00000000        0x0 c:/program files/atmel/studio/7.0/toolchain/avr8/avr8-gnu-toolchain/bin/../lib/gcc/avr/4.9.2/avr6\libgcc.a(_exit.o)
 .text.libgcc.div
                0x00000000        0x0 c:/program files/atmel/studio/7.0/toolchain/avr8/avr8-gnu-toolchain/bin/../lib/gcc/avr/4.9.2/avr6\libgcc.a(_exit.o)
 .text.libgcc   0x00000000        0x0 c:/program files/atmel/studio/7.0/toolchain/avr8/avr8-gnu-toolchain/bin/../lib/gcc/avr/4.9.2/avr6\libgcc.a(_exit.o)
 .text.libgcc.prologue
                0x00000000        0x0 c:/program files/atmel/studio/7.0/toolchain/avr8/avr8-gnu-toolchain/bin/../lib/gcc/avr/4.9.2/avr6\libgcc.a(_exit.o)
 .text.libgcc.builtins
                0x00000000        0x0 c:/program files/atmel/studio/7.0/toolchain/avr8/avr8-gnu-toolchain/bin/../lib/gcc/avr/4.9.2/avr6\libgcc.a(_exit.o)
 .text.libgcc.fmul
                0x00000000        0x0 c:/program files/atmel/studio/7.0/toolchain/avr8/avr8-gnu-toolchain/bin/../lib/gcc/avr/4.9.2/avr6\libgcc.a(_exit.o)
 .text.libgcc.fixed
                0x00000000        0x0 c:/program files/atmel/studio/7.0/toolchain/avr8/avr8-gnu-toolchain/bin/../lib/gcc/avr/4.9.2/avr6\libgcc.a(_exit.o)
 .text          0x00000000        0x0 c:/program files/atmel/studio/7.0/toolchain/avr8/avr8-gnu-toolchain/bin/../lib/gcc/avr/4.9.2/avr6\libgcc.a(_tablejump2.o)
 .data          0x00000000        0x0 c:/program files/atmel/studio/7.0/toolchain/avr8/avr8-gnu-toolchain/bin/../lib/gcc/avr/4.9.2/avr6\libgcc.a(_tablejump2.o)
 .bss           0x00000000        0x0 c:/program files/atmel/studio/7.0/toolchain/avr8/avr8-gnu-toolchain/bin/../lib/gcc/avr/4.9.2/avr6\libgcc.a(_tablejump2.o)
 .text.libgcc.mul
                0x00000000        0x0 c:/program files/atmel/studio/7.0/toolchain/avr8/avr8-gnu-toolchain/bin/../lib/gcc/avr/4.9.2/avr6\libgcc.a(_tablejump2.o)
 .text.libgcc.div
                0x00000000        0x0 c:/program files/atmel/studio/7.0/toolchain/avr8/avr8-gnu-toolchain/bin/../lib/gcc/avr/4.9.2/avr6\libgcc.a(_tablejump2.o)
 .text.libgcc.prologue
                0x00000000        0x0 c:/program files/atmel/studio/7.0/toolchain/avr8/avr8-gnu-toolchain/bin/../lib/gcc/avr/4.9.2/avr6\libgcc.a(_tablejump2.o)
 .text.libgcc.builtins
                0x00000000        0x0 c:/program files/atmel/studio/7.0/toolchain/avr8/avr8-gnu-toolchain/bin/../lib/gcc/avr/4.9.2/avr6\libgcc.a(_tablejump2.o)
 .text.libgcc.fmul
                0x00000000        0x0 c:/program files/atmel/studio/7.0/toolchain/avr8/avr8-gnu-toolchain/bin/../lib/gcc/avr/4.9.2/avr6\libgcc.a(_tablejump2.o)
 .text.libgcc.fixed
                0x00000000        0x0 c:/program files/atmel/studio/7.0/toolchain/avr8/avr8-gnu-toolchain/bin/../lib/gcc/avr/4.9.2/avr6\libgcc.a(_tablejump2.o)
 .text          0x00000000        0x0 c:/program files/atmel/studio/7.0/toolchain/avr8/avr8-gnu-toolchain/bin/../lib/gcc/avr/4.9.2/avr6\libgcc.a(_copy_data.o)
 .data          0x00000000        0x0 c:/program files/atmel/studio/7.0/toolchain/avr8/avr8-gnu-toolchain/bin/../lib/gcc/avr/4.9.2/avr6\libgcc.a(_copy_data.o)
 .bss           0x00000000        0x0 c:/program files/atmel/studio/7.0/toolchain/avr8/avr8-gnu-toolchain/bin/../lib/gcc/avr/4.9.2/avr6\libgcc.a(_copy_data.o)
 .text.libgcc.mul
                0x00000000        0x0 c:/program files/atmel/studio/7.0/toolchain/avr8/avr8-gnu-toolchain/bin/../lib/gcc/avr/4.9.2/avr6\libgcc.a(_copy_data.o)
 .text.libgcc.div
                0x00000000        0x0 c:/program files/atmel/studio/7.0/toolchain/avr8/avr8-gnu-toolchain/bin/../lib/gcc/avr/4.9.2/avr6\libgcc.a(_copy_data.o)
 .text.libgcc   0x00000000        0x0 c:/program files/atmel/studio/7.0/toolchain/avr8/avr8-gnu-toolchain/bin/../lib/gcc/avr/4.9.2/avr6\libgcc.a(_copy_data.o)
 .text.libgcc.prologue
                0x00000000        0x0 c:/program files/atmel/studio/7.0/toolchain/avr8/avr8-gnu-toolchain/bin/../lib/gcc/avr/4.9.2/avr6\libgcc.a(_copy_data.o)
 .text.libgcc.builtins
                0x00000000        0x0 c:/program files/atmel/studio/7.0/toolchain/avr8/avr8-gnu-toolchain/bin/../lib/gcc/avr/4.9.2/avr6\libgcc.a(_copy_data.o)
 .text.libgcc.fmul
                0x00000000        0x0 c:/program files/atmel/studio/7.0/toolchain/avr8/avr8-gnu-toolchain/bin/../lib/gcc/avr/4.9.2/avr6\libgcc.a(_copy_data.o)
 .text.libgcc.fixed
                0x00000000        0x0 c:/program files/atmel/studio/7.0/toolchain/avr8/avr8-gnu-toolchain/bin/../lib/gcc/avr/4.9.2/avr6\libgcc.a(_copy_data.o)
 .text          0x00000000        0x0 c:/program files/atmel/studio/7.0/toolchain/avr8/avr8-gnu-toolchain/bin/../lib/gcc/avr/4.9.2/avr6\libgcc.a(_clear_bss.o)
 .data          0x00000000        0x0 c:/program files/atmel/studio/7.0/toolchain/avr8/avr8-gnu-toolchain/bin/../lib/gcc/avr/4.9.2/avr6\libgcc.a(_clear_bss.o)
 .bss           0x00000000        0x0 c:/program files/atmel/studio/7.0/toolchain/avr8/avr8-gnu-toolchain/bin/../lib/gcc/avr/4.9.2/avr6\libgcc.a(_clear_bss.o)
 .text.libgcc.mul
                0x00000000        0x0 c:/program files/atmel/studio/7.0/toolchain/avr8/avr8-gnu-toolchain/bin/../lib/gcc/avr/4.9.2/avr6\libgcc.a(_clear_bss.o)
 .text.libgcc.div
                0x00000000        0x0 c:/program files/atmel/studio/7.0/toolchain/avr8/avr8-gnu-toolchain/bin/../lib/gcc/avr/4.9.2/avr6\libgcc.a(_clear_bss.o)
 .text.libgcc   0x00000000        0x0 c:/program files/atmel/studio/7.0/toolchain/avr8/avr8-gnu-toolchain/bin/../lib/gcc/avr/4.9.2/avr6\libgcc.a(_clear_bss.o)
 .text.libgcc.prologue
                0x00000000        0x0 c:/program files/atmel/studio/7.0/toolchain/avr8/avr8-gnu-toolchain/bin/../lib/gcc/avr/4.9.2/avr6\libgcc.a(_clear_bss.o)
 .text.libgcc.builtins
                0x00000000        0x0 c:/program files/atmel/studio/7.0/toolchain/avr8/avr8-gnu-toolchain/bin/../lib/gcc/avr/4.9.2/avr6\libgcc.a(_clear_bss.o)
 .text.libgcc.fmul
                0x00000000        0x0 c:/program files/atmel/studio/7.0/toolchain/avr8/avr8-gnu-toolchain/bin/../lib/gcc/avr/4.9.2/avr6\libgcc.a(_clear_bss.o)
 .text.libgcc.fixed
                0x00000000        0x0 c:/program files/atmel/studio/7.0/toolchain/avr8/avr8-gnu-toolchain/bin/../lib/gcc/avr/4.9.2/avr6\libgcc.a(_clear_bss.o)
 .text          0x00000000        0x0 c:/program files/atmel/studio/7.0/toolchain/avr8/avr8-gnu-toolchain/bin/../lib/gcc/avr/4.9.2/avr6\libgcc.a(_umulhisi3.o)
 .data          0x00000000        0x0 c:/program files/atmel/studio/7.0/toolchain/avr8/avr8-gnu-toolchain/bin/../lib/gcc/avr/4.9.2/avr6\libgcc.a(_umulhisi3.o)
 .bss           0x00000000        0x0 c:/program files/atmel/studio/7.0/toolchain/avr8/avr8-gnu-toolchain/bin/../lib/gcc/avr/4.9.2/avr6\libgcc.a(_umulhisi3.o)
 .text.libgcc.mul
                0x00000000       0x1e c:/program files/atmel/studio/7.0/toolchain/avr8/avr8-gnu-toolchain/bin/../lib/gcc/avr/4.9.2/avr6\libgcc.a(_umulhisi3.o)
 .text.libgcc.div
                0x00000000        0x0 c:/program files/atmel/studio/7.0/toolchain/avr8/avr8-gnu-toolchain/bin/../lib/gcc/avr/4.9.2/avr6\libgcc.a(_umulhisi3.o)
 .text.libgcc   0x00000000        0x0 c:/program files/atmel/studio/7.0/toolchain/avr8/avr8-gnu-toolchain/bin/../lib/gcc/avr/4.9.2/avr6\libgcc.a(_umulhisi3.o)
 .text.libgcc.prologue
                0x00000000        0x0 c:/program files/atmel/studio/7.0/toolchain/avr8/avr8-gnu-toolchain/bin/../lib/gcc/avr/4.9.2/avr6\libgcc.a(_umulhisi3.o)
 .text.libgcc.builtins
                0x00000000        0x0 c:/program files/atmel/studio/7.0/toolchain/avr8/avr8-gnu-toolchain/bin/../lib/gcc/avr/4.9.2/avr6\libgcc.a(_umulhisi3.o)
 .text.libgcc.fmul
                0x00000000        0x0 c:/program files/atmel/studio/7.0/toolchain/avr8/avr8-gnu-toolchain/bin/../lib/gcc/avr/4.9.2/avr6\libgcc.a(_umulhisi3.o)
 .text.libgcc.fixed
                0x00000000        0x0 c:/program files/atmel/studio/7.0/toolchain/avr8/avr8-gnu-toolchain/bin/../lib/gcc/avr/4.9.2/avr6\libgcc.a(_umulhisi3.o)
 .text          0x00000000        0x0 c:/program files/atmel/studio/7.0/toolchain/avr8/avr8-gnu-toolchain/bin/../lib/gcc/avr/4.9.2/avr6\libgcc.a(_udivmodhi4.o)
 .data          0x00000000        0x0 c:/program files/atmel/studio/7.0/toolchain/avr8/avr8-gnu-toolchain/bin/../lib/gcc/avr/4.9.2/avr6\libgcc.a(_udivmodhi4.o)
 .bss           0x00000000        0x0 c:/program files/atmel/studio/7.0/toolchain/avr8/avr8-gnu-toolchain/bin/../lib/gcc/avr/4.9.2/avr6\libgcc.a(_udivmodhi4.o)
 .text.libgcc.mul
                0x00000000        0x0 c:/program files/atmel/studio/7.0/toolchain/avr8/avr8-gnu-toolchain/bin/../lib/gcc/avr/4.9.2/avr6\libgcc.a(_udivmodhi4.o)
 .text.libgcc.div
                0x00000000       0x28 c:/program files/atmel/studio/7.0/toolchain/avr8/avr8-gnu-toolchain/bin/../lib/gcc/avr/4.9.2/avr6\libgcc.a(_udivmodhi4.o)
 .text.libgcc   0x00000000        0x0 c:/program files/atmel/studio/7.0/toolchain/avr8/avr8-gnu-toolchain/bin/../lib/gcc/avr/4.9.2/avr6\libgcc.a(_udivmodhi4.o)
 .text.libgcc.prologue
                0x00000000        0x0 c:/program files/atmel/studio/7.0/toolchain/avr8/avr8-gnu-toolchain/bin/../lib/gcc/avr/4.9.2/avr6\libgcc.a(_udivmodhi4.o)
 .text.libgcc.builtins
                0x00000000        0x0 c:/program files/atmel/studio/7.0/toolchain/avr8/avr8-gnu-toolchain/bin/../lib/gcc/avr/4.9.2/avr6\libgcc.a(_udivmodhi4.o)
 .text.libgcc.fmul
                0x00000000        0x0 c:/program files/atmel/studio/7.0/toolchain/avr8/avr8-gnu-toolchain/bin/../lib/gcc/avr/4.9.2/avr6\libgcc.a(_udivmodhi4.o)
 .text.libgcc.fixed
                0x00000000        0x0 c:/program files/atmel/studio/7.0/toolchain/avr8/avr8-gnu-toolchain/bin/../lib/gcc/avr/4.9.2/avr6\libgcc.a(_udivmodhi4.o)
 .text          0x00000000        0x0 c:/program files/atmel/studio/7.0/toolchain/avr8/avr8-gnu-toolchain/bin/../lib/gcc/avr/4.9.2/../../../../avr/lib/avr6\libc.a(strlen_P.o)
 .data          0x00000000        0x0 c:/program files/atmel/studio/7.0/toolchain/avr8/avr8-gnu-toolchain/bin/../lib/gcc/avr/4.9.2/../../../../avr/lib/avr6\libc.a(strlen_P.o)
 .bss           0x00000000        0x0 c:/program files/atmel/studio/7.0/toolchain/avr8/avr8-gnu-toolchain/bin/../lib/gcc/avr/4.9.2/../../../../avr/lib/avr6\libc.a(strlen_P.o)
 .text.avr-libc
                0x00000000       0x12 c:/program files/atmel/studio/7.0/toolchain/avr8/avr8-gnu-toolchain/bin/../lib/gcc/avr/4.9.2/../../../../avr/lib/avr6\libc.a(strlen_P.o)
 .text          0x00000000        0x0 c:/program files/atmel/studio/7.0/toolchain/avr8/avr8-gnu-toolchain/bin/../lib/gcc/avr/4.9.2/../../../../avr/lib/avr6\libc.a(memcpy.o)
 .data          0x00000000        0x0 c:/program files/atmel/studio/7.0/toolchain/avr8/avr8-gnu-toolchain/bin/../lib/gcc/avr/4.9.2/../../../../avr/lib/avr6\libc.a(memcpy.o)
 .bss           0x00000000        0x0 c:/program files/atmel/studio/7.0/toolchain/avr8/avr8-gnu-toolchain/bin/../lib/gcc/avr/4.9.2/../../../../avr/lib/avr6\libc.a(memcpy.o)
 .text.avr-libc
                0x00000000       0x12 c:/program files/atmel/studio/7.0/toolchain/avr8/avr8-gnu-toolchain/bin/../lib/gcc/avr/4.9.2/../../../../avr/lib/avr6\libc.a(memcpy.o)
 .text          0x00000000        0x0 c:/program files/atmel/studio/7.0/toolchain/avr8/avr8-gnu-toolchain/bin/../lib/gcc/avr/4.9.2/../../../../avr/lib/avr6\libc.a(memset.o)
 .data          0x00000000        0x0 c:/program files/atmel/studio/7.0/toolchain/avr8/avr8-gnu-toolchain/bin/../lib/gcc/avr/4.9.2/../../../../avr/lib/avr6\libc.a(memset.o)
 .bss           0x00000000        0x0 c:/program files/atmel/studio/7.0/toolchain/avr8/avr8-gnu-toolchain/bin/../lib/gcc/avr/4.9.2/../../../../avr/lib/avr6\libc.a(memset.o)
 .text          0x00000000        0x0 c:/program files/atmel/studio/7.0/toolchain/avr8/avr8-gnu-toolchain/bin/../lib/gcc/avr/4.9.2/../../../../avr/lib/avr6\libc.a(printf.o)
 .data          0x00000000        0x0 c:/program files/atmel/studio/7.0/toolchain/avr8/avr8-gnu-toolchain/bin/../lib/gcc/avr/4.9.2/../../../../avr/lib/avr6\libc.a(printf.o)
 .bss           0x00000000        0x0 c:/program files/atmel/studio/7.0/toolchain/avr8/avr8-gnu-toolchain/bin/../lib/gcc/avr/4.9.2/../../../../avr/lib/avr6\libc.a(printf.o)
 .text.avr-libc
                0x00000000       0x28 c:/program files/atmel/studio/7.0/toolchain/avr8/avr8-gnu-toolchain/bin/../lib/gcc/avr/4.9.2/../../../../avr/lib/avr6\libc.a(printf.o)
 .comment       0x00000000       0x31 c:/program files/atmel/studio/7.0/toolchain/avr8/avr8-gnu-toolchain/bin/../lib/gcc/avr/4.9.2/../../../../avr/lib/avr6\libc.a(printf.o)
 .text          0x00000000        0x0 c:/program files/atmel/studio/7.0/toolchain/avr8/avr8-gnu-toolchain/bin/../lib/gcc/avr/4.9.2/../../../../avr/lib/avr6\libc.a(vsnprintf.o)
 .data          0x00000000        0x0 c:/program files/atmel/studio/7.0/toolchain/avr8/avr8-gnu-toolchain/bin/../lib/gcc/avr/4.9.2/../../../../avr/lib/avr6\libc.a(vsnprintf.o)
 .bss           0x00000000        0x0 c:/program files/atmel/studio/7.0/toolchain/avr8/avr8-gnu-toolchain/bin/../lib/gcc/avr/4.9.2/../../../../avr/lib/avr6\libc.a(vsnprintf.o)
 .text.avr-libc
                0x00000000       0x72 c:/program files/atmel/studio/7.0/toolchain/avr8/avr8-gnu-toolchain/bin/../lib/gcc/avr/4.9.2/../../../../avr/lib/avr6\libc.a(vsnprintf.o)
 .comment       0x00000000       0x31 c:/program files/atmel/studio/7.0/toolchain/avr8/avr8-gnu-toolchain/bin/../lib/gcc/avr/4.9.2/../../../../avr/lib/avr6\libc.a(vsnprintf.o)
 .text          0x00000000        0x0 c:/program files/atmel/studio/7.0/toolchain/avr8/avr8-gnu-toolchain/bin/../lib/gcc/avr/4.9.2/../../../../avr/lib/avr6\libc.a(vsnprintf_p.o)
 .data          0x00000000        0x0 c:/program files/atmel/studio/7.0/toolchain/avr8/avr8-gnu-toolchain/bin/../lib/gcc/avr/4.9.2/../../../../avr/lib/avr6\libc.a(vsnprintf_p.o)
 .bss           0x00000000        0x0 c:/program files/atmel/studio/7.0/toolchain/avr8/avr8-gnu-toolchain/bin/../lib/gcc/avr/4.9.2/../../../../avr/lib/avr6\libc.a(vsnprintf_p.o)
 .text.avr-libc
                0x00000000       0x72 c:/program files/atmel/studio/7.0/toolchain/avr8/avr8-gnu-toolchain/bin/../lib/gcc/avr/4.9.2/../../../../avr/lib/avr6\libc.a(vsnprintf_p.o)
 .comment       0x00000000       0x31 c:/program files/atmel/studio/7.0/toolchain/avr8/avr8-gnu-toolchain/bin/../lib/gcc/avr/4.9.2/../../../../avr/lib/avr6\libc.a(vsnprintf_p.o)
 .data          0x00000000        0x0 c:/program files/atmel/studio/7.0/toolchain/avr8/avr8-gnu-toolchain/bin/../lib/gcc/avr/4.9.2/../../../../avr/lib/avr6\libc.a(system_tick.o)
 .bss           0x00000000        0x0 c:/program files/atmel/studio/7.0/toolchain/avr8/avr8-gnu-toolchain/bin/../lib/gcc/avr/4.9.2/../../../../avr/lib/avr6\libc.a(system_tick.o)
 .text          0x00000000        0x0 c:/program files/atmel/studio/7.0/toolchain/avr8/avr8-gnu-toolchain/bin/../lib/gcc/avr/4.9.2/../../../../avr/lib/avr6\libc.a(vfprintf_std.o)
 .data          0x00000000        0x0 c:/program files/atmel/studio/7.0/toolchain/avr8/avr8-gnu-toolchain/bin/../lib/gcc/avr/4.9.2/../../../../avr/lib/avr6\libc.a(vfprintf_std.o)
 .bss           0x00000000        0x0 c:/program files/atmel/studio/7.0/toolchain/avr8/avr8-gnu-toolchain/bin/../lib/gcc/avr/4.9.2/../../../../avr/lib/avr6\libc.a(vfprintf_std.o)
 .text.avr-libc
                0x00000000      0x3f6 c:/program files/atmel/studio/7.0/toolchain/avr8/avr8-gnu-toolchain/bin/../lib/gcc/avr/4.9.2/../../../../avr/lib/avr6\libc.a(vfprintf_std.o)
 .comment       0x00000000       0x2d c:/program files/atmel/studio/7.0/toolchain/avr8/avr8-gnu-toolchain/bin/../lib/gcc/avr/4.9.2/../../../../avr/lib/avr6\libc.a(vfprintf_std.o)
 .text          0x00000000        0x0 c:/program files/atmel/studio/7.0/toolchain/avr8/avr8-gnu-toolchain/bin/../lib/gcc/avr/4.9.2/../../../../avr/lib/avr6\libc.a(strnlen_P.o)
 .data          0x00000000        0x0 c:/program files/atmel/studio/7.0/toolchain/avr8/avr8-gnu-toolchain/bin/../lib/gcc/avr/4.9.2/../../../../avr/lib/avr6\libc.a(strnlen_P.o)
 .bss           0x00000000        0x0 c:/program files/atmel/studio/7.0/toolchain/avr8/avr8-gnu-toolchain/bin/../lib/gcc/avr/4.9.2/../../../../avr/lib/avr6\libc.a(strnlen_P.o)
 .text.avr-libc
                0x00000000       0x16 c:/program files/atmel/studio/7.0/toolchain/avr8/avr8-gnu-toolchain/bin/../lib/gcc/avr/4.9.2/../../../../avr/lib/avr6\libc.a(strnlen_P.o)
 .text          0x00000000        0x0 c:/program files/atmel/studio/7.0/toolchain/avr8/avr8-gnu-toolchain/bin/../lib/gcc/avr/4.9.2/../../../../avr/lib/avr6\libc.a(strnlen.o)
 .data          0x00000000        0x0 c:/program files/atmel/studio/7.0/toolchain/avr8/avr8-gnu-toolchain/bin/../lib/gcc/avr/4.9.2/../../../../avr/lib/avr6\libc.a(strnlen.o)
 .bss           0x00000000        0x0 c:/program files/atmel/studio/7.0/toolchain/avr8/avr8-gnu-toolchain/bin/../lib/gcc/avr/4.9.2/../../../../avr/lib/avr6\libc.a(strnlen.o)
 .text.avr-libc
                0x00000000       0x16 c:/program files/atmel/studio/7.0/toolchain/avr8/avr8-gnu-toolchain/bin/../lib/gcc/avr/4.9.2/../../../../avr/lib/avr6\libc.a(strnlen.o)
 .text          0x00000000        0x0 c:/program files/atmel/studio/7.0/toolchain/avr8/avr8-gnu-toolchain/bin/../lib/gcc/avr/4.9.2/../../../../avr/lib/avr6\libc.a(fputc.o)
 .data          0x00000000        0x0 c:/program files/atmel/studio/7.0/toolchain/avr8/avr8-gnu-toolchain/bin/../lib/gcc/avr/4.9.2/../../../../avr/lib/avr6\libc.a(fputc.o)
 .bss           0x00000000        0x0 c:/program files/atmel/studio/7.0/toolchain/avr8/avr8-gnu-toolchain/bin/../lib/gcc/avr/4.9.2/../../../../avr/lib/avr6\libc.a(fputc.o)
 .text.avr-libc
                0x00000000       0x70 c:/program files/atmel/studio/7.0/toolchain/avr8/avr8-gnu-toolchain/bin/../lib/gcc/avr/4.9.2/../../../../avr/lib/avr6\libc.a(fputc.o)
 .comment       0x00000000       0x31 c:/program files/atmel/studio/7.0/toolchain/avr8/avr8-gnu-toolchain/bin/../lib/gcc/avr/4.9.2/../../../../avr/lib/avr6\libc.a(fputc.o)
 .text          0x00000000        0x0 c:/program files/atmel/studio/7.0/toolchain/avr8/avr8-gnu-toolchain/bin/../lib/gcc/avr/4.9.2/../../../../avr/lib/avr6\libc.a(iob.o)
 .data          0x00000000        0x0 c:/program files/atmel/studio/7.0/toolchain/avr8/avr8-gnu-toolchain/bin/../lib/gcc/avr/4.9.2/../../../../avr/lib/avr6\libc.a(iob.o)
 .bss           0x00000000        0x0 c:/program files/atmel/studio/7.0/toolchain/avr8/avr8-gnu-toolchain/bin/../lib/gcc/avr/4.9.2/../../../../avr/lib/avr6\libc.a(iob.o)
 .comment       0x00000000       0x31 c:/program files/atmel/studio/7.0/toolchain/avr8/avr8-gnu-toolchain/bin/../lib/gcc/avr/4.9.2/../../../../avr/lib/avr6\libc.a(iob.o)
 COMMON         0x00000000        0x6 c:/program files/atmel/studio/7.0/toolchain/avr8/avr8-gnu-toolchain/bin/../lib/gcc/avr/4.9.2/../../../../avr/lib/avr6\libc.a(iob.o)
 .text          0x00000000        0x0 c:/program files/atmel/studio/7.0/toolchain/avr8/avr8-gnu-toolchain/bin/../lib/gcc/avr/4.9.2/../../../../avr/lib/avr6\libc.a(ultoa_invert.o)
 .data          0x00000000        0x0 c:/program files/atmel/studio/7.0/toolchain/avr8/avr8-gnu-toolchain/bin/../lib/gcc/avr/4.9.2/../../../../avr/lib/avr6\libc.a(ultoa_invert.o)
 .bss           0x00000000        0x0 c:/program files/atmel/studio/7.0/toolchain/avr8/avr8-gnu-toolchain/bin/../lib/gcc/avr/4.9.2/../../../../avr/lib/avr6\libc.a(ultoa_invert.o)
 .text.avr-libc
                0x00000000       0xbc c:/program files/atmel/studio/7.0/toolchain/avr8/avr8-gnu-toolchain/bin/../lib/gcc/avr/4.9.2/../../../../avr/lib/avr6\libc.a(ultoa_invert.o)
 .text          0x00000000        0x0 c:/program files/atmel/studio/7.0/toolchain/avr8/avr8-gnu-toolchain/bin/../lib/gcc/avr/4.9.2/../../../../avr/lib/avr6\libc.a(system_time.o)
 .data          0x00000000        0x0 c:/program files/atmel/studio/7.0/toolchain/avr8/avr8-gnu-toolchain/bin/../lib/gcc/avr/4.9.2/../../../../avr/lib/avr6\libc.a(system_time.o)
 .bss           0x00000000        0x0 c:/program files/atmel/studio/7.0/toolchain/avr8/avr8-gnu-toolchain/bin/../lib/gcc/avr/4.9.2/../../../../avr/lib/avr6\libc.a(system_time.o)

Memory Configuration

Name             Origin             Length             Attributes
text             0x00000000         0x00100000         xr
data             0x00800200         0x0000fe00         rw !x
eeprom           0x00810000         0x00010000         rw !x
fuse             0x00820000         0x00000003         rw !x
lock             0x00830000         0x00000400         rw !x
signature        0x00840000         0x00000400         rw !x
user_signatures  0x00850000         0x00000400         rw !x
*default*        0x00000000         0xffffffff

Linker script and memory map

Address of section .data set to 0x800200
LOAD C:/Program Files/Atmel/Studio/7.0/Packs/atmel/ATmega_DFP/1.1.130/gcc/dev/atmega2560/avr6/crtatmega2560.o
LOAD application/application.o
LOAD devices/adc.o
LOAD devices/key.o
LOAD devices/lcd_ard.o
LOAD devices/led.o
LOAD ds1820/crc8.o
LOAD ds1820/ds18x20.o
LOAD ds1820/onewire.o
LOAD freertos/croutine.o
LOAD freertos/heap_1.o
LOAD freertos/list.o
LOAD freertos/port.o
LOAD freertos/queue.o
LOAD freertos/tasks.o
LOAD protocol/io.o
LOAD protocol/protocol.o
LOAD freertos/serial.o
START GROUP
LOAD c:/program files/atmel/studio/7.0/toolchain/avr8/avr8-gnu-toolchain/bin/../lib/gcc/avr/4.9.2/../../../../avr/lib/avr6\libm.a
END GROUP
START GROUP
LOAD c:/program files/atmel/studio/7.0/toolchain/avr8/avr8-gnu-toolchain/bin/../lib/gcc/avr/4.9.2/avr6\libgcc.a
LOAD c:/program files/atmel/studio/7.0/toolchain/avr8/avr8-gnu-toolchain/bin/../lib/gcc/avr/4.9.2/../../../../avr/lib/avr6\libm.a
LOAD c:/program files/atmel/studio/7.0/toolchain/avr8/avr8-gnu-toolchain/bin/../lib/gcc/avr/4.9.2/../../../../avr/lib/avr6\libc.a
LOAD C:/Program Files/Atmel/Studio/7.0/Packs/atmel/ATmega_DFP/1.1.130/gcc/dev/atmega2560/avr6\libatmega2560.a
END GROUP
                0x00100000                __TEXT_REGION_LENGTH__ = DEFINED (__TEXT_REGION_LENGTH__)?__TEXT_REGION_LENGTH__:0x100000
                0x0000fe00                __DATA_REGION_LENGTH__ = DEFINED (__DATA_REGION_LENGTH__)?__DATA_REGION_LENGTH__:0xfe00
                0x00010000                __EEPROM_REGION_LENGTH__ = DEFINED (__EEPROM_REGION_LENGTH__)?__EEPROM_REGION_LENGTH__:0x10000
                [0x00000003]                __FUSE_REGION_LENGTH__ = DEFINED (__FUSE_REGION_LENGTH__)?__FUSE_REGION_LENGTH__:0x400
                0x00000400                __LOCK_REGION_LENGTH__ = DEFINED (__LOCK_REGION_LENGTH__)?__LOCK_REGION_LENGTH__:0x400
                0x00000400                __SIGNATURE_REGION_LENGTH__ = DEFINED (__SIGNATURE_REGION_LENGTH__)?__SIGNATURE_REGION_LENGTH__:0x400
                0x00000400                __USER_SIGNATURE_REGION_LENGTH__ = DEFINED (__USER_SIGNATURE_REGION_LENGTH__)?__USER_SIGNATURE_REGION_LENGTH__:0x400

.hash
 *(.hash)

.dynsym
 *(.dynsym)

.dynstr
 *(.dynstr)

.gnu.version
 *(.gnu.version)

.gnu.version_d
 *(.gnu.version_d)

.gnu.version_r
 *(.gnu.version_r)

.rel.init
 *(.rel.init)

.rela.init
 *(.rela.init)

.rel.text
 *(.rel.text)
 *(.rel.text.*)
 *(.rel.gnu.linkonce.t*)

.rela.text
 *(.rela.text)
 *(.rela.text.*)
 *(.rela.gnu.linkonce.t*)

.rel.fini
 *(.rel.fini)

.rela.fini
 *(.rela.fini)

.rel.rodata
 *(.rel.rodata)
 *(.rel.rodata.*)
 *(.rel.gnu.linkonce.r*)

.rela.rodata
 *(.rela.rodata)
 *(.rela.rodata.*)
 *(.rela.gnu.linkonce.r*)

.rel.data
 *(.rel.data)
 *(.rel.data.*)
 *(.rel.gnu.linkonce.d*)

.rela.data
 *(.rela.data)
 *(.rela.data.*)
 *(.rela.gnu.linkonce.d*)

.rel.ctors
 *(.rel.ctors)

.rela.ctors
 *(.rela.ctors)

.rel.dtors
 *(.rel.dtors)

.rela.dtors
 *(.rela.dtors)

.rel.got
 *(.rel.got)

.rela.got
 *(.rela.got)

.rel.bss
 *(.rel.bss)

.rela.bss
 *(.rela.bss)

.rel.plt
 *(.rel.plt)

.rela.plt
 *(.rela.plt)

.text           0x00000000     0x1e4a
 *(.vectors)
 .vectors       0x00000000       0xe4 C:/Program Files/Atmel/Studio/7.0/Packs/atmel/ATmega_DFP/1.1.130/gcc/dev/atmega2560/avr6/crtatmega2560.o
                0x00000000                __vector_default
                0x00000000                __vectors
 *(.vectors)
 *(.progmem.gcc*)
 .progmem.gcc_sw_table.xSerialPutChar
                0x000000e4       0x10 freertos/serial.o
 .progmem.gcc_sw_table.xSerialPortInitMinimal
                0x000000f4       0x10 freertos/serial.o
                0x00000104                . = ALIGN (0x2)
                0x00000104                __trampolines_start = .
 *(.trampolines)
 .trampolines   0x00000104        0x0 linker stubs
 *(.trampolines*)
                0x00000104                __trampolines_end = .
 *libprintf_flt.a:*(.progmem.data)
 *libc.a:*(.progmem.data)
 *(.progmem*)
                0x00000104                . = ALIGN (0x2)
 *(.jumptables)
 *(.jumptables*)
 *(.lowtext)
 .lowtext       0x00000104      0x2ce freertos/tasks.o
 *(.lowtext*)
                0x000003d2                __ctors_start = .
 *(.ctors)
                0x000003d2                __ctors_end = .
                0x000003d2                __dtors_start = .
 *(.dtors)
                0x000003d2                __dtors_end = .
 SORT(*)(.ctors)
 SORT(*)(.dtors)
 *(.init0)
 .init0         0x000003d2        0x0 C:/Program Files/Atmel/Studio/7.0/Packs/atmel/ATmega_DFP/1.1.130/gcc/dev/atmega2560/avr6/crtatmega2560.o
                0x000003d2                __init
 *(.init0)
 *(.init1)
 *(.init1)
 *(.init2)
 .init2         0x000003d2       0x10 C:/Program Files/Atmel/Studio/7.0/Packs/atmel/ATmega_DFP/1.1.130/gcc/dev/atmega2560/avr6/crtatmega2560.o
 *(.init2)
 *(.init3)
 *(.init3)
 *(.init4)
 .init4         0x000003e2       0x1a c:/program files/atmel/studio/7.0/toolchain/avr8/avr8-gnu-toolchain/bin/../lib/gcc/avr/4.9.2/avr6\libgcc.a(_copy_data.o)
                0x000003e2                __do_copy_data
 .init4         0x000003fc       0x10 c:/program files/atmel/studio/7.0/toolchain/avr8/avr8-gnu-toolchain/bin/../lib/gcc/avr/4.9.2/avr6\libgcc.a(_clear_bss.o)
                0x000003fc                __do_clear_bss
 *(.init4)
 *(.init5)
 *(.init5)
 *(.init6)
 *(.init6)
 *(.init7)
 *(.init7)
 *(.init8)
 *(.init8)
 *(.init9)
 .init9         0x0000040c        0x6 C:/Program Files/Atmel/Studio/7.0/Packs/atmel/ATmega_DFP/1.1.130/gcc/dev/atmega2560/avr6/crtatmega2560.o
 *(.init9)
 *(.text)
 .text          0x00000412        0x2 C:/Program Files/Atmel/Studio/7.0/Packs/atmel/ATmega_DFP/1.1.130/gcc/dev/atmega2560/avr6/crtatmega2560.o
                0x00000412                __vector_38
                0x00000412                __vector_22
                0x00000412                __vector_28
                0x00000412                __vector_1
                0x00000412                __vector_32
                0x00000412                __vector_34
                0x00000412                __vector_24
                0x00000412                __vector_12
                0x00000412                __vector_46
                0x00000412                __bad_interrupt
                0x00000412                __vector_6
                0x00000412                __vector_31
                0x00000412                __vector_35
                0x00000412                __vector_39
                0x00000412                __vector_3
                0x00000412                __vector_23
                0x00000412                __vector_30
                0x00000412                __vector_45
                0x00000412                __vector_11
                0x00000412                __vector_13
                0x00000412                __vector_19
                0x00000412                __vector_56
                0x00000412                __vector_7
                0x00000412                __vector_49
                0x00000412                __vector_41
                0x00000412                __vector_43
                0x00000412                __vector_27
                0x00000412                __vector_5
                0x00000412                __vector_33
                0x00000412                __vector_47
                0x00000412                __vector_4
                0x00000412                __vector_44
                0x00000412                __vector_9
                0x00000412                __vector_2
                0x00000412                __vector_21
                0x00000412                __vector_15
                0x00000412                __vector_29
                0x00000412                __vector_40
                0x00000412                __vector_8
                0x00000412                __vector_48
                0x00000412                __vector_14
                0x00000412                __vector_53
                0x00000412                __vector_10
                0x00000412                __vector_50
                0x00000412                __vector_16
                0x00000412                __vector_18
                0x00000412                __vector_20
                0x00000412                __vector_42
 .text          0x00000414       0x38 c:/program files/atmel/studio/7.0/toolchain/avr8/avr8-gnu-toolchain/bin/../lib/gcc/avr/4.9.2/../../../../avr/lib/avr6\libc.a(system_tick.o)
                0x00000414                system_tick
                0x0000044c                . = ALIGN (0x2)
 *(.text.*)
 .text.DoCalculate
                0x0000044c       0x5a application/application.o
 .text.vWriter3
                0x000004a6       0x20 application/application.o
 .text.vWriter2
                0x000004c6       0x20 application/application.o
 .text.vWriter1
                0x000004e6       0x20 application/application.o
 .text.main     0x00000506       0xd8 application/application.o
                0x00000506                main
 .text.pvPortMalloc
                0x000005de       0x66 freertos/heap_1.o
                0x000005de                pvPortMalloc
 .text.vPortFree
                0x00000644        0x2 freertos/heap_1.o
                0x00000644                vPortFree
 .text.vListInitialise
                0x00000646       0x1c freertos/list.o
                0x00000646                vListInitialise
 .text.vListInitialiseItem
                0x00000662        0x8 freertos/list.o
                0x00000662                vListInitialiseItem
 .text.vListInsertEnd
                0x0000066a       0x42 freertos/list.o
                0x0000066a                vListInsertEnd
 .text.uxListRemove
                0x000006ac       0x4c freertos/list.o
                0x000006ac                uxListRemove
 .text.pxPortInitialiseStack
                0x000006f8       0xe4 freertos/port.o
                0x000006f8                pxPortInitialiseStack
 .text.xPortStartScheduler
                0x000007dc       0x92 freertos/port.o
                0x000007dc                xPortStartScheduler
 .text.vPortYield
                0x0000086e       0xc0 freertos/port.o
                0x0000086e                vPortYield
 .text.vPortYieldFromTick
                0x0000092e       0xee freertos/port.o
                0x0000092e                vPortYieldFromTick
 .text.__vector_17
                0x00000a1c        0x4 freertos/port.o
                0x00000a1c                __vector_17
 .text.xTaskGenericCreate
                0x00000a20      0x214 freertos/tasks.o
                0x00000a20                xTaskGenericCreate
 .text.vTaskStartScheduler
                0x00000c34      0x1ba freertos/tasks.o
                0x00000c34                vTaskStartScheduler
 .text.vTaskSuspendAll
                0x00000dee        0xc freertos/tasks.o
                0x00000dee                vTaskSuspendAll
 .text.xTaskResumeAll
                0x00000dfa      0x29a freertos/tasks.o
                0x00000dfa                xTaskResumeAll
 .text.xTaskIncrementTick
                0x00001094      0x1ac freertos/tasks.o
                0x00001094                xTaskIncrementTick
 .text.vTaskSwitchContext
                0x00001240       0xda freertos/tasks.o
                0x00001240                vTaskSwitchContext
 .text.xSerialPutChar
                0x0000131a      0x12a freertos/serial.o
                0x0000131a                xSerialPutChar
 .text.xSerialPortInitMinimal
                0x00001444      0x460 freertos/serial.o
                0x00001444                xSerialPortInitMinimal
 .text.__vector_25
                0x000018a4       0xbe freertos/serial.o
                0x000018a4                __vector_25
 .text.__vector_26
                0x00001962       0x92 freertos/serial.o
                0x00001962                __vector_26
 .text.__vector_36
                0x000019f4       0xbe freertos/serial.o
                0x000019f4                __vector_36
 .text.__vector_37
                0x00001ab2       0x92 freertos/serial.o
                0x00001ab2                __vector_37
 .text.__vector_51
                0x00001b44       0xbe freertos/serial.o
                0x00001b44                __vector_51
 .text.__vector_52
                0x00001c02       0x92 freertos/serial.o
                0x00001c02                __vector_52
 .text.__vector_54
                0x00001c94       0xbe freertos/serial.o
                0x00001c94                __vector_54
 .text.__vector_55
                0x00001d52       0x92 freertos/serial.o
                0x00001d52                __vector_55
 .text.libgcc.div
                0x00001de4       0x44 c:/program files/atmel/studio/7.0/toolchain/avr8/avr8-gnu-toolchain/bin/../lib/gcc/avr/4.9.2/avr6\libgcc.a(_udivmodsi4.o)
                0x00001de4                __udivmodsi4
 .text.libgcc   0x00001e28       0x10 c:/program files/atmel/studio/7.0/toolchain/avr8/avr8-gnu-toolchain/bin/../lib/gcc/avr/4.9.2/avr6\libgcc.a(_tablejump2.o)
                0x00001e28                __tablejump2__
 .text.avr-libc
                0x00001e38        0xe c:/program files/atmel/studio/7.0/toolchain/avr8/avr8-gnu-toolchain/bin/../lib/gcc/avr/4.9.2/../../../../avr/lib/avr6\libc.a(memset.o)
                0x00001e38                memset
                0x00001e46                . = ALIGN (0x2)
 *(.fini9)
 .fini9         0x00001e46        0x0 c:/program files/atmel/studio/7.0/toolchain/avr8/avr8-gnu-toolchain/bin/../lib/gcc/avr/4.9.2/avr6\libgcc.a(_exit.o)
                0x00001e46                _exit
                0x00001e46                exit
 *(.fini9)
 *(.fini8)
 *(.fini8)
 *(.fini7)
 *(.fini7)
 *(.fini6)
 *(.fini6)
 *(.fini5)
 *(.fini5)
 *(.fini4)
 *(.fini4)
 *(.fini3)
 *(.fini3)
 *(.fini2)
 *(.fini2)
 *(.fini1)
 *(.fini1)
 *(.fini0)
 .fini0         0x00001e46        0x4 c:/program files/atmel/studio/7.0/toolchain/avr8/avr8-gnu-toolchain/bin/../lib/gcc/avr/4.9.2/avr6\libgcc.a(_exit.o)
 *(.fini0)
                0x00001e4a                _etext = .

.data           0x00800200       0x16 load address 0x00001e4a
                0x00800200                PROVIDE (__data_start, .)
 *(.data)
 *(.data*)
 *(.rodata)
 *(.rodata*)
 .rodata.str1.1
                0x00800200       0x11 application/application.o
 .rodata.str1.1
                0x00800211        0x5 freertos/tasks.o
 *(.gnu.linkonce.d*)
                0x00800216                . = ALIGN (0x2)
                0x00800216                _edata = .
                0x00800216                PROVIDE (__data_end, .)

.bss            0x00800216     0x12f8
                0x00800216                PROVIDE (__bss_start, .)
 *(.bss)
 *(.bss*)
 .bss.pucAlignedHeap.1904
                0x00800216        0x2 freertos/heap_1.o
 .bss.xNextFreeByte
                0x00800218        0x2 freertos/heap_1.o
 .bss.ucHeap    0x0080021a     0x1200 freertos/heap_1.o
 .bss.uxSchedulerSuspended
                0x0080141a        0x1 freertos/tasks.o
 .bss.xNextTaskUnblockTime
                0x0080141b        0x2 freertos/tasks.o
 .bss.uxTaskNumber
                0x0080141d        0x1 freertos/tasks.o
 .bss.xNumOfOverflows
                0x0080141e        0x1 freertos/tasks.o
 .bss.xYieldPending
                0x0080141f        0x1 freertos/tasks.o
 .bss.uxPendedTicks
                0x00801420        0x1 freertos/tasks.o
 .bss.xSchedulerRunning
                0x00801421        0x1 freertos/tasks.o
 .bss.uxTopReadyPriority
                0x00801422        0x1 freertos/tasks.o
 .bss.xTickCount
                0x00801423        0x2 freertos/tasks.o
 .bss.uxCurrentNumberOfTasks
                0x00801425        0x1 freertos/tasks.o
 .bss.xSuspendedTaskList
                0x00801426        0x9 freertos/tasks.o
 .bss.uxTasksDeleted
                0x0080142f        0x1 freertos/tasks.o
 .bss.xTasksWaitingTermination
                0x00801430        0x9 freertos/tasks.o
 .bss.xPendingReadyList
                0x00801439        0x9 freertos/tasks.o
 .bss.pxOverflowDelayedTaskList
                0x00801442        0x2 freertos/tasks.o
 .bss.pxDelayedTaskList
                0x00801444        0x2 freertos/tasks.o
 .bss.xDelayedTaskList2
                0x00801446        0x9 freertos/tasks.o
 .bss.xDelayedTaskList1
                0x0080144f        0x9 freertos/tasks.o
 .bss.pxReadyTasksLists
                0x00801458       0x24 freertos/tasks.o
 .bss.pxCurrentTCB
                0x0080147c        0x2 freertos/tasks.o
                0x0080147c                pxCurrentTCB
 *(COMMON)
 COMMON         0x0080147e       0x22 application/application.o
                0x0080147e                xSerialPort
 COMMON         0x008014a0        0x4 freertos/port.o
                0x008014a0                portTickRateHz
                0x008014a2                ticksRemainingInSec
 COMMON         0x008014a4       0x66 freertos/serial.o
                0x008014a4                xSerial2Port
                0x008014c6                xSerial3Port
                0x008014e8                xSerial1Port
 COMMON         0x0080150a        0x4 c:/program files/atmel/studio/7.0/toolchain/avr8/avr8-gnu-toolchain/bin/../lib/gcc/avr/4.9.2/../../../../avr/lib/avr6\libc.a(system_time.o)
                0x0080150a                __system_time
                0x0080150e                PROVIDE (__bss_end, .)
                0x00001e4a                __data_load_start = LOADADDR (.data)
                0x00001e60                __data_load_end = (__data_load_start + SIZEOF (.data))

.noinit         0x0080150e        0x0
                [!provide]                PROVIDE (__noinit_start, .)
 *(.noinit*)
                [!provide]                PROVIDE (__noinit_end, .)
                0x0080150e                _end = .
                [!provide]                PROVIDE (__heap_start, .)

.eeprom         0x00810000        0x0
 *(.eeprom*)
                0x00810000                __eeprom_end = .

.fuse
 *(.fuse)
 *(.lfuse)
 *(.hfuse)
 *(.efuse)

.lock
 *(.lock*)

.signature
 *(.signature*)

.user_signatures
 *(.user_signatures*)

.stab
 *(.stab)

.stabstr
 *(.stabstr)

.stab.excl
 *(.stab.excl)

.stab.exclstr
 *(.stab.exclstr)

.stab.index
 *(.stab.index)

.stab.indexstr
 *(.stab.indexstr)

.comment        0x00000000       0x30
 *(.comment)
 .comment       0x00000000       0x30 application/application.o
                                 0x31 (size before relaxing)
 .comment       0x00000030       0x31 freertos/heap_1.o
 .comment       0x00000030       0x31 freertos/list.o
 .comment       0x00000030       0x31 freertos/port.o
 .comment       0x00000030       0x31 freertos/tasks.o
 .comment       0x00000030       0x31 freertos/serial.o
 .comment       0x00000030       0x31 c:/program files/atmel/studio/7.0/toolchain/avr8/avr8-gnu-toolchain/bin/../lib/gcc/avr/4.9.2/../../../../avr/lib/avr6\libc.a(system_time.o)

.note.gnu.avr.deviceinfo
                0x00000000       0x40
 .note.gnu.avr.deviceinfo
                0x00000000       0x40 C:/Program Files/Atmel/Studio/7.0/Packs/atmel/ATmega_DFP/1.1.130/gcc/dev/atmega2560/avr6/crtatmega2560.o

.note.gnu.build-id
 *(.note.gnu.build-id)

.debug
 *(.debug)

.line
 *(.line)

.debug_srcinfo
 *(.debug_srcinfo)

.debug_sfnames
 *(.debug_sfnames)

.debug_aranges  0x00000000      0x3f0
 *(.debug_aranges)
 .debug_aranges
                0x00000000       0x40 application/application.o
 .debug_aranges
                0x00000040       0x38 freertos/heap_1.o
 .debug_aranges
                0x00000078       0x40 freertos/list.o
 .debug_aranges
                0x000000b8       0x48 freertos/port.o
 .debug_aranges
                0x00000100      0x150 freertos/tasks.o
 .debug_aranges
                0x00000250      0x1a0 freertos/serial.o

.debug_pubnames
 *(.debug_pubnames)

.debug_info     0x00000000     0x64a3
 *(.debug_info .gnu.linkonce.wi.*)
 .debug_info    0x00000000      0xbbc C:/Program Files/Atmel/Studio/7.0/Packs/atmel/ATmega_DFP/1.1.130/gcc/dev/atmega2560/avr6/crtatmega2560.o
 .debug_info    0x00000bbc      0x6b3 application/application.o
 .debug_info    0x0000126f      0x1ad freertos/heap_1.o
 .debug_info    0x0000141c      0x2c6 freertos/list.o
 .debug_info    0x000016e2      0x2a6 freertos/port.o
 .debug_info    0x00001988     0x27e6 freertos/tasks.o
 .debug_info    0x0000416e     0x2335 freertos/serial.o

.debug_abbrev   0x00000000     0x184c
 *(.debug_abbrev)
 .debug_abbrev  0x00000000      0xb1a C:/Program Files/Atmel/Studio/7.0/Packs/atmel/ATmega_DFP/1.1.130/gcc/dev/atmega2560/avr6/crtatmega2560.o
 .debug_abbrev  0x00000b1a      0x1a5 application/application.o
 .debug_abbrev  0x00000cbf      0x12e freertos/heap_1.o
 .debug_abbrev  0x00000ded       0xf8 freertos/list.o
 .debug_abbrev  0x00000ee5      0x163 freertos/port.o
 .debug_abbrev  0x00001048      0x3c6 freertos/tasks.o
 .debug_abbrev  0x0000140e      0x43e freertos/serial.o

.debug_line     0x00000000     0x3c95
 *(.debug_line .debug_line.* .debug_line_end)
 .debug_line    0x00000000      0x1f9 C:/Program Files/Atmel/Studio/7.0/Packs/atmel/ATmega_DFP/1.1.130/gcc/dev/atmega2560/avr6/crtatmega2560.o
 .debug_line    0x000001f9      0x1ed application/application.o
 .debug_line    0x000003e6      0x1bd freertos/heap_1.o
 .debug_line    0x000005a3      0x1e0 freertos/list.o
 .debug_line    0x00000783      0x2e4 freertos/port.o
 .debug_line    0x00000a67     0x1775 freertos/tasks.o
 .debug_line    0x000021dc     0x1ab9 freertos/serial.o

.debug_frame    0x00000000      0xff4
 *(.debug_frame)
 .debug_frame   0x00000000       0xdc application/application.o
 .debug_frame   0x000000dc       0x60 freertos/heap_1.o
 .debug_frame   0x0000013c       0x88 freertos/list.o
 .debug_frame   0x000001c4       0x74 freertos/port.o
 .debug_frame   0x00000238      0x544 freertos/tasks.o
 .debug_frame   0x0000077c      0x878 freertos/serial.o

.debug_str      0x00000000     0x1834
 *(.debug_str)
 .debug_str     0x00000000      0x3e6 C:/Program Files/Atmel/Studio/7.0/Packs/atmel/ATmega_DFP/1.1.130/gcc/dev/atmega2560/avr6/crtatmega2560.o
 .debug_str     0x000003e6      0x369 application/application.o
                                0x3ad (size before relaxing)
 .debug_str     0x0000074f       0xb6 freertos/heap_1.o
                                0x236 (size before relaxing)
 .debug_str     0x00000805      0x13b freertos/list.o
                                0x2b1 (size before relaxing)
 .debug_str     0x00000940      0x127 freertos/port.o
                                0x2e3 (size before relaxing)
 .debug_str     0x00000a67      0x93a freertos/tasks.o
                                0xd45 (size before relaxing)
 .debug_str     0x000013a1      0x493 freertos/serial.o
                                0x79b (size before relaxing)

.debug_loc      0x00000000     0x5f91
 *(.debug_loc)
 .debug_loc     0x00000000      0x271 application/application.o
 .debug_loc     0x00000271       0xf1 freertos/heap_1.o
 .debug_loc     0x00000362      0x145 freertos/list.o
 .debug_loc     0x000004a7      0x2f5 freertos/port.o
 .debug_loc     0x0000079c     0x291b freertos/tasks.o
 .debug_loc     0x000030b7     0x2eda freertos/serial.o

.debug_macinfo
 *(.debug_macinfo)

.debug_weaknames
 *(.debug_weaknames)

.debug_funcnames
 *(.debug_funcnames)

.debug_typenames
 *(.debug_typenames)

.debug_varnames
 *(.debug_varnames)

.debug_pubtypes
 *(.debug_pubtypes)

.debug_ranges   0x00000000      0x818
 *(.debug_ranges)
 .debug_ranges  0x00000000       0x30 application/application.o
 .debug_ranges  0x00000030       0x28 freertos/heap_1.o
 .debug_ranges  0x00000058       0x30 freertos/list.o
 .debug_ranges  0x00000088       0x38 freertos/port.o
 .debug_ranges  0x000000c0      0x368 freertos/tasks.o
 .debug_ranges  0x00000428      0x3f0 freertos/serial.o

.debug_macro
 *(.debug_macro)
OUTPUT(uno.elf elf32-avr)
LOAD linker stubs
