Archive member included because of file (symbol)

c:/program files/atmel/atmel toolchain/avr8 gcc/native/3.4.1061/avr8-gnu-toolchain/bin/../lib/gcc/avr/4.8.1/avr5\libgcc.a(_udivmodsi4.o)
                              freertos/serial.o (__udivmodsi4)
c:/program files/atmel/atmel toolchain/avr8 gcc/native/3.4.1061/avr8-gnu-toolchain/bin/../lib/gcc/avr/4.8.1/avr5\libgcc.a(_divmodsi4.o)
                              ds1820/ds18x20.o (__divmodsi4)
c:/program files/atmel/atmel toolchain/avr8 gcc/native/3.4.1061/avr8-gnu-toolchain/bin/../lib/gcc/avr/4.8.1/avr5\libgcc.a(_negsi2.o)
                              c:/program files/atmel/atmel toolchain/avr8 gcc/native/3.4.1061/avr8-gnu-toolchain/bin/../lib/gcc/avr/4.8.1/avr5\libgcc.a(_divmodsi4.o) (__negsi2)
c:/program files/atmel/atmel toolchain/avr8 gcc/native/3.4.1061/avr8-gnu-toolchain/bin/../lib/gcc/avr/4.8.1/avr5\libgcc.a(_exit.o)
                              c:/program files/atmel/atmel toolchain/avr8 gcc/native/3.4.1061/avr8-gnu-toolchain/bin/../lib/gcc/avr/4.8.1/../../../../avr/lib/avr5/crtm328p.o (exit)
c:/program files/atmel/atmel toolchain/avr8 gcc/native/3.4.1061/avr8-gnu-toolchain/bin/../lib/gcc/avr/4.8.1/avr5\libgcc.a(_copy_data.o)
                              application/uno.o (__do_copy_data)
c:/program files/atmel/atmel toolchain/avr8 gcc/native/3.4.1061/avr8-gnu-toolchain/bin/../lib/gcc/avr/4.8.1/avr5\libgcc.a(_clear_bss.o)
                              ds1820/onewire.o (__do_clear_bss)
c:/program files/atmel/atmel toolchain/avr8 gcc/native/3.4.1061/avr8-gnu-toolchain/bin/../lib/gcc/avr/4.8.1/avr5\libgcc.a(_umulhisi3.o)
                              ds1820/ds18x20.o (__umulhisi3)
c:/program files/atmel/atmel toolchain/avr8 gcc/native/3.4.1061/avr8-gnu-toolchain/bin/../lib/gcc/avr/4.8.1/../../../../avr/lib/avr5\libc.a(memcpy.o)
                              freertos/queue.o (memcpy)
c:/program files/atmel/atmel toolchain/avr8 gcc/native/3.4.1061/avr8-gnu-toolchain/bin/../lib/gcc/avr/4.8.1/../../../../avr/lib/avr5\libc.a(memset.o)
                              freertos/tasks.o (memset)
c:/program files/atmel/atmel toolchain/avr8 gcc/native/3.4.1061/avr8-gnu-toolchain/bin/../lib/gcc/avr/4.8.1/../../../../avr/lib/avr5\libc.a(strncpy.o)
                              freertos/tasks.o (strncpy)
c:/program files/atmel/atmel toolchain/avr8 gcc/native/3.4.1061/avr8-gnu-toolchain/bin/../lib/gcc/avr/4.8.1/../../../../avr/lib/avr5\libc.a(printf.o)
                              ds1820/ds18x20.o (printf)
c:/program files/atmel/atmel toolchain/avr8 gcc/native/3.4.1061/avr8-gnu-toolchain/bin/../lib/gcc/avr/4.8.1/../../../../avr/lib/avr5\libc.a(vfprintf_std.o)
                              c:/program files/atmel/atmel toolchain/avr8 gcc/native/3.4.1061/avr8-gnu-toolchain/bin/../lib/gcc/avr/4.8.1/../../../../avr/lib/avr5\libc.a(printf.o) (vfprintf)
c:/program files/atmel/atmel toolchain/avr8 gcc/native/3.4.1061/avr8-gnu-toolchain/bin/../lib/gcc/avr/4.8.1/../../../../avr/lib/avr5\libc.a(strnlen_P.o)
                              c:/program files/atmel/atmel toolchain/avr8 gcc/native/3.4.1061/avr8-gnu-toolchain/bin/../lib/gcc/avr/4.8.1/../../../../avr/lib/avr5\libc.a(vfprintf_std.o) (strnlen_P)
c:/program files/atmel/atmel toolchain/avr8 gcc/native/3.4.1061/avr8-gnu-toolchain/bin/../lib/gcc/avr/4.8.1/../../../../avr/lib/avr5\libc.a(strnlen.o)
                              c:/program files/atmel/atmel toolchain/avr8 gcc/native/3.4.1061/avr8-gnu-toolchain/bin/../lib/gcc/avr/4.8.1/../../../../avr/lib/avr5\libc.a(vfprintf_std.o) (strnlen)
c:/program files/atmel/atmel toolchain/avr8 gcc/native/3.4.1061/avr8-gnu-toolchain/bin/../lib/gcc/avr/4.8.1/../../../../avr/lib/avr5\libc.a(fputc.o)
                              c:/program files/atmel/atmel toolchain/avr8 gcc/native/3.4.1061/avr8-gnu-toolchain/bin/../lib/gcc/avr/4.8.1/../../../../avr/lib/avr5\libc.a(vfprintf_std.o) (fputc)
c:/program files/atmel/atmel toolchain/avr8 gcc/native/3.4.1061/avr8-gnu-toolchain/bin/../lib/gcc/avr/4.8.1/../../../../avr/lib/avr5\libc.a(iob.o)
                              c:/program files/atmel/atmel toolchain/avr8 gcc/native/3.4.1061/avr8-gnu-toolchain/bin/../lib/gcc/avr/4.8.1/../../../../avr/lib/avr5\libc.a(printf.o) (__iob)
c:/program files/atmel/atmel toolchain/avr8 gcc/native/3.4.1061/avr8-gnu-toolchain/bin/../lib/gcc/avr/4.8.1/../../../../avr/lib/avr5\libc.a(ultoa_invert.o)
                              c:/program files/atmel/atmel toolchain/avr8 gcc/native/3.4.1061/avr8-gnu-toolchain/bin/../lib/gcc/avr/4.8.1/../../../../avr/lib/avr5\libc.a(vfprintf_std.o) (__ultoa_invert)
c:/program files/atmel/atmel toolchain/avr8 gcc/native/3.4.1061/avr8-gnu-toolchain/bin/../lib/gcc/avr/4.8.1/avr5\libgcc.a(_prologue.o)
                              c:/program files/atmel/atmel toolchain/avr8 gcc/native/3.4.1061/avr8-gnu-toolchain/bin/../lib/gcc/avr/4.8.1/../../../../avr/lib/avr5\libc.a(printf.o) (__prologue_saves__)
c:/program files/atmel/atmel toolchain/avr8 gcc/native/3.4.1061/avr8-gnu-toolchain/bin/../lib/gcc/avr/4.8.1/avr5\libgcc.a(_epilogue.o)
                              c:/program files/atmel/atmel toolchain/avr8 gcc/native/3.4.1061/avr8-gnu-toolchain/bin/../lib/gcc/avr/4.8.1/../../../../avr/lib/avr5\libc.a(printf.o) (__epilogue_restores__)

Allocating common symbols
Common symbol       size              file

getSensorIDs        0x40              ds1820/onewire.o
__iob               0x6               c:/program files/atmel/atmel toolchain/avr8 gcc/native/3.4.1061/avr8-gnu-toolchain/bin/../lib/gcc/avr/4.8.1/../../../../avr/lib/avr5\libc.a(iob.o)

Discarded input sections

 .data          0x00000000        0x0 c:/program files/atmel/atmel toolchain/avr8 gcc/native/3.4.1061/avr8-gnu-toolchain/bin/../lib/gcc/avr/4.8.1/../../../../avr/lib/avr5/crtm328p.o
 .bss           0x00000000        0x0 c:/program files/atmel/atmel toolchain/avr8 gcc/native/3.4.1061/avr8-gnu-toolchain/bin/../lib/gcc/avr/4.8.1/../../../../avr/lib/avr5/crtm328p.o
 .text          0x00000000        0x0 application/uno.o
 .data          0x00000000        0x0 application/uno.o
 .bss           0x00000000        0x0 application/uno.o
 .text          0x00000000        0x0 devices/adc.o
 .data          0x00000000        0x0 devices/adc.o
 .bss           0x00000000        0x0 devices/adc.o
 .text.ReadADC  0x00000000       0x6a devices/adc.o
 .text.InitADC  0x00000000       0x12 devices/adc.o
 .debug_info    0x00000000       0xed devices/adc.o
 .debug_abbrev  0x00000000       0xa5 devices/adc.o
 .debug_loc     0x00000000       0xf8 devices/adc.o
 .debug_aranges
                0x00000000       0x28 devices/adc.o
 .debug_ranges  0x00000000       0x18 devices/adc.o
 .debug_line    0x00000000       0xd5 devices/adc.o
 .debug_str     0x00000000      0x17c devices/adc.o
 .comment       0x00000000       0x31 devices/adc.o
 .debug_frame   0x00000000       0x40 devices/adc.o
 .text          0x00000000        0x0 devices/key.o
 .data          0x00000000        0x0 devices/key.o
 .bss           0x00000000        0x0 devices/key.o
 .text.GetKey   0x00000000       0x44 devices/key.o
 .debug_info    0x00000000       0xd5 devices/key.o
 .debug_abbrev  0x00000000       0xa8 devices/key.o
 .debug_loc     0x00000000       0x68 devices/key.o
 .debug_aranges
                0x00000000       0x20 devices/key.o
 .debug_ranges  0x00000000       0x10 devices/key.o
 .debug_line    0x00000000       0x54 devices/key.o
 .debug_str     0x00000000      0x16e devices/key.o
 .comment       0x00000000       0x31 devices/key.o
 .debug_frame   0x00000000       0x24 devices/key.o
 .text          0x00000000        0x0 devices/lcd_ard.o
 .data          0x00000000        0x0 devices/lcd_ard.o
 .bss           0x00000000        0x0 devices/lcd_ard.o
 .text.lcd_write
                0x00000000       0xac devices/lcd_ard.o
 .text.lcd_command
                0x00000000       0x16 devices/lcd_ard.o
 .text.lcd_gotoxy
                0x00000000       0x2c devices/lcd_ard.o
 .text.lcd_clrscr
                0x00000000        0x8 devices/lcd_ard.o
 .text.lcd_home
                0x00000000        0x8 devices/lcd_ard.o
 .text.lcd_putc
                0x00000000        0xa devices/lcd_ard.o
 .text.lcd_puts
                0x00000000       0x20 devices/lcd_ard.o
 .text.lcd_puts_p
                0x00000000       0x24 devices/lcd_ard.o
 .text.lcd_init
                0x00000000       0x6c devices/lcd_ard.o
 .debug_info    0x00000000      0x61b devices/lcd_ard.o
 .debug_abbrev  0x00000000      0x1d4 devices/lcd_ard.o
 .debug_loc     0x00000000      0x391 devices/lcd_ard.o
 .debug_aranges
                0x00000000       0x60 devices/lcd_ard.o
 .debug_ranges  0x00000000       0x68 devices/lcd_ard.o
 .debug_line    0x00000000      0x27d devices/lcd_ard.o
 .debug_str     0x00000000      0x244 devices/lcd_ard.o
 .comment       0x00000000       0x31 devices/lcd_ard.o
 .debug_frame   0x00000000       0xd0 devices/lcd_ard.o
 .text          0x00000000        0x0 devices/led.o
 .data          0x00000000        0x0 devices/led.o
 .bss           0x00000000        0x0 devices/led.o
 .text.LedOn    0x00000000       0x12 devices/led.o
 .text.LedOff   0x00000000       0x12 devices/led.o
 .debug_info    0x00000000       0xc0 devices/led.o
 .debug_abbrev  0x00000000       0x7a devices/led.o
 .debug_aranges
                0x00000000       0x28 devices/led.o
 .debug_ranges  0x00000000       0x18 devices/led.o
 .debug_line    0x00000000       0xc1 devices/led.o
 .debug_str     0x00000000      0x16c devices/led.o
 .comment       0x00000000       0x31 devices/led.o
 .debug_frame   0x00000000       0x34 devices/led.o
 .text          0x00000000        0x0 ds1820/crc8.o
 .data          0x00000000        0x0 ds1820/crc8.o
 .bss           0x00000000        0x0 ds1820/crc8.o
 .text.crc8     0x00000000       0x3a ds1820/crc8.o
 .debug_info    0x00000000      0x104 ds1820/crc8.o
 .debug_abbrev  0x00000000       0x8b ds1820/crc8.o
 .debug_loc     0x00000000      0x1c0 ds1820/crc8.o
 .debug_aranges
                0x00000000       0x20 ds1820/crc8.o
 .debug_ranges  0x00000000       0x10 ds1820/crc8.o
 .debug_line    0x00000000       0xbd ds1820/crc8.o
 .debug_str     0x00000000      0x1a2 ds1820/crc8.o
 .comment       0x00000000       0x31 ds1820/crc8.o
 .debug_frame   0x00000000       0x24 ds1820/crc8.o
 .text          0x00000000        0x0 ds1820/ds18x20.o
 .data          0x00000000        0x0 ds1820/ds18x20.o
 .bss           0x00000000        0x0 ds1820/ds18x20.o
 .text.read_scratchpad
                0x00000000       0x54 ds1820/ds18x20.o
 .text.DS18X20_find_sensor
                0x00000000       0x46 ds1820/ds18x20.o
 .text.DS18X20_get_power_status
                0x00000000       0x2c ds1820/ds18x20.o
 .rodata.str1.1
                0x00000000       0xe0 ds1820/ds18x20.o
 .text.DS18X20_start_meas
                0x00000000       0x4c ds1820/ds18x20.o
 .text.DS18X20_conversion_in_progress
                0x00000000       0x10 ds1820/ds18x20.o
 .text.DS18X20_read_maxres
                0x00000000      0x11e ds1820/ds18x20.o
 .text.DS18X20_format_from_maxres
                0x00000000      0x142 ds1820/ds18x20.o
 .text.DS18X20_write_scratchpad
                0x00000000       0x68 ds1820/ds18x20.o
 .text.DS18X20_read_scratchpad
                0x00000000       0x46 ds1820/ds18x20.o
 .text.DS18X20_scratchpad_to_eeprom
                0x00000000       0x68 ds1820/ds18x20.o
 .text.DS18X20_eeprom_to_scratchpad
                0x00000000       0x64 ds1820/ds18x20.o
 .debug_info    0x00000000      0x995 ds1820/ds18x20.o
 .debug_abbrev  0x00000000      0x2e4 ds1820/ds18x20.o
 .debug_loc     0x00000000      0xd0c ds1820/ds18x20.o
 .debug_aranges
                0x00000000       0x70 ds1820/ds18x20.o
 .debug_ranges  0x00000000       0x90 ds1820/ds18x20.o
 .debug_line    0x00000000      0x2ca ds1820/ds18x20.o
 .debug_str     0x00000000      0x40e ds1820/ds18x20.o
 .comment       0x00000000       0x31 ds1820/ds18x20.o
 .debug_frame   0x00000000      0x1ec ds1820/ds18x20.o
 .text          0x00000000        0x0 ds1820/onewire.o
 .data          0x00000000        0x0 ds1820/onewire.o
 .bss           0x00000000        0x0 ds1820/onewire.o
 .text.ow_input_pin_state
                0x00000000        0x6 ds1820/onewire.o
 .text.ow_parasite_enable
                0x00000000        0x6 ds1820/onewire.o
 .text.ow_bit_io_intern
                0x00000000       0x40 ds1820/onewire.o
 .text.ow_parasite_disable
                0x00000000        0x4 ds1820/onewire.o
 .text.ow_reset
                0x00000000       0x3c ds1820/onewire.o
 .text.ow_bit_io
                0x00000000        0xa ds1820/onewire.o
 .text.ow_byte_wr
                0x00000000       0x22 ds1820/onewire.o
 .text.ow_byte_wr_with_parasite_enable
                0x00000000       0x34 ds1820/onewire.o
 .text.ow_command_intern
                0x00000000       0x5a ds1820/onewire.o
 .text.ow_byte_rd
                0x00000000        0x8 ds1820/onewire.o
 .text.ow_rom_search
                0x00000000       0xac ds1820/onewire.o
 .text.ow_command
                0x00000000        0x8 ds1820/onewire.o
 .text.ow_command_with_parasite_enable
                0x00000000        0x8 ds1820/onewire.o
 .text.search_sensors
                0x00000000       0xa0 ds1820/onewire.o
 .text.GetSensorCount
                0x00000000        0x6 ds1820/onewire.o
 .text.GetTemperature
                0x00000000       0x64 ds1820/onewire.o
 .debug_info    0x00000000      0x8f6 ds1820/onewire.o
 .debug_abbrev  0x00000000      0x2b9 ds1820/onewire.o
 .debug_loc     0x00000000      0x6c5 ds1820/onewire.o
 .debug_aranges
                0x00000000       0x98 ds1820/onewire.o
 .debug_ranges  0x00000000       0x88 ds1820/onewire.o
 .debug_line    0x00000000      0x308 ds1820/onewire.o
 .debug_str     0x00000000      0x35d ds1820/onewire.o
 .comment       0x00000000       0x31 ds1820/onewire.o
 .debug_frame   0x00000000      0x1c0 ds1820/onewire.o
 COMMON         0x00000000       0x40 ds1820/onewire.o
 .text          0x00000000        0x0 freertos/croutine.o
 .data          0x00000000        0x0 freertos/croutine.o
 .bss           0x00000000        0x0 freertos/croutine.o
 .text.xCoRoutineCreate
                0x00000000       0xf4 freertos/croutine.o
 .text.vCoRoutineAddToDelayedList
                0x00000000       0x86 freertos/croutine.o
 .text.vCoRoutineSchedule
                0x00000000      0x264 freertos/croutine.o
 .text.xCoRoutineRemoveFromEventList
                0x00000000       0x56 freertos/croutine.o
 .bss.xPassedTicks.1651
                0x00000000        0x2 freertos/croutine.o
 .bss.xLastTickCount.1650
                0x00000000        0x2 freertos/croutine.o
 .bss.xCoRoutineTickCount
                0x00000000        0x2 freertos/croutine.o
 .bss.uxTopCoRoutineReadyPriority
                0x00000000        0x1 freertos/croutine.o
 .bss.pxCurrentCoRoutine
                0x00000000        0x2 freertos/croutine.o
 .bss.xPendingReadyList
                0x00000000        0x9 freertos/croutine.o
 .bss.pxOverflowDelayedCoRoutineList
                0x00000000        0x2 freertos/croutine.o
 .bss.pxDelayedCoRoutineList
                0x00000000        0x2 freertos/croutine.o
 .bss.xDelayedCoRoutineList2
                0x00000000        0x9 freertos/croutine.o
 .bss.xDelayedCoRoutineList1
                0x00000000        0x9 freertos/croutine.o
 .bss.pxReadyCoRoutineLists
                0x00000000       0x12 freertos/croutine.o
 .debug_info    0x00000000      0x7be freertos/croutine.o
 .debug_abbrev  0x00000000      0x265 freertos/croutine.o
 .debug_loc     0x00000000      0x42a freertos/croutine.o
 .debug_aranges
                0x00000000       0x38 freertos/croutine.o
 .debug_ranges  0x00000000       0x28 freertos/croutine.o
 .debug_line    0x00000000      0x20a freertos/croutine.o
 .debug_str     0x00000000      0x505 freertos/croutine.o
 .comment       0x00000000       0x31 freertos/croutine.o
 .debug_frame   0x00000000       0xd4 freertos/croutine.o
 .text          0x00000000        0x0 freertos/heap_1.o
 .data          0x00000000        0x0 freertos/heap_1.o
 .bss           0x00000000        0x0 freertos/heap_1.o
 .text.vPortInitialiseBlocks
                0x00000000        0xa freertos/heap_1.o
 .text          0x00000000        0x0 freertos/list.o
 .data          0x00000000        0x0 freertos/list.o
 .bss           0x00000000        0x0 freertos/list.o
 .text          0x00000000        0x0 freertos/port.o
 .data          0x00000000        0x0 freertos/port.o
 .bss           0x00000000        0x0 freertos/port.o
 .text.vPortEndScheduler
                0x00000000        0x2 freertos/port.o
 .text          0x00000000        0x0 freertos/queue.o
 .data          0x00000000        0x0 freertos/queue.o
 .bss           0x00000000        0x0 freertos/queue.o
 .text.xQueueGenericReceive
                0x00000000      0x170 freertos/queue.o
 .text.uxQueueMessagesWaiting
                0x00000000       0x10 freertos/queue.o
 .text.vQueueDelete
                0x00000000       0x1a freertos/queue.o
 .text          0x00000000        0x0 freertos/tasks.o
 .data          0x00000000        0x0 freertos/tasks.o
 .bss           0x00000000        0x0 freertos/tasks.o
 .text.vTaskEndScheduler
                0x00000000        0xc freertos/tasks.o
 .text.vTaskDelayUntil
                0x00000000       0xdc freertos/tasks.o
 .text.vTaskDelay
                0x00000000       0x86 freertos/tasks.o
 .text.xTaskGetTickCount
                0x00000000       0x14 freertos/tasks.o
 .text.uxTaskGetNumberOfTasks
                0x00000000       0x10 freertos/tasks.o
 .text          0x00000000        0x0 protocol/io.o
 .data          0x00000000        0x0 protocol/io.o
 .bss           0x00000000        0x0 protocol/io.o
 .text.PutByte  0x00000000       0x10 protocol/io.o
 .text.GetByte  0x00000000       0x1a protocol/io.o
 .bss.ch.2150   0x00000000        0x1 protocol/io.o
 .debug_info    0x00000000      0x193 protocol/io.o
 .debug_abbrev  0x00000000       0xee protocol/io.o
 .debug_loc     0x00000000       0x50 protocol/io.o
 .debug_aranges
                0x00000000       0x28 protocol/io.o
 .debug_ranges  0x00000000       0x18 protocol/io.o
 .debug_line    0x00000000       0xae protocol/io.o
 .debug_str     0x00000000      0x1a3 protocol/io.o
 .comment       0x00000000       0x31 protocol/io.o
 .debug_frame   0x00000000       0x34 protocol/io.o
 .text          0x00000000        0x0 protocol/protocol.o
 .data          0x00000000        0x0 protocol/protocol.o
 .bss           0x00000000        0x0 protocol/protocol.o
 .text.AddCheckSum
                0x00000000       0x32 protocol/protocol.o
 .text.SendMsg  0x00000000       0xd2 protocol/protocol.o
 .text.ReceiveMsg
                0x00000000      0x11a protocol/protocol.o
 .debug_info    0x00000000      0x347 protocol/protocol.o
 .debug_abbrev  0x00000000      0x113 protocol/protocol.o
 .debug_loc     0x00000000      0x477 protocol/protocol.o
 .debug_aranges
                0x00000000       0x30 protocol/protocol.o
 .debug_ranges  0x00000000       0x68 protocol/protocol.o
 .debug_line    0x00000000       0xee protocol/protocol.o
 .debug_str     0x00000000      0x1f6 protocol/protocol.o
 .comment       0x00000000       0x31 protocol/protocol.o
 .debug_frame   0x00000000       0x98 protocol/protocol.o
 .text          0x00000000        0x0 freertos/serial.o
 .data          0x00000000        0x0 freertos/serial.o
 .bss           0x00000000        0x0 freertos/serial.o
 .text.xSerialGetChar
                0x00000000       0x1a freertos/serial.o
 .text.vSerialClose
                0x00000000       0x1c freertos/serial.o
 .text          0x00000000        0x0 c:/program files/atmel/atmel toolchain/avr8 gcc/native/3.4.1061/avr8-gnu-toolchain/bin/../lib/gcc/avr/4.8.1/avr5\libgcc.a(_udivmodsi4.o)
 .data          0x00000000        0x0 c:/program files/atmel/atmel toolchain/avr8 gcc/native/3.4.1061/avr8-gnu-toolchain/bin/../lib/gcc/avr/4.8.1/avr5\libgcc.a(_udivmodsi4.o)
 .bss           0x00000000        0x0 c:/program files/atmel/atmel toolchain/avr8 gcc/native/3.4.1061/avr8-gnu-toolchain/bin/../lib/gcc/avr/4.8.1/avr5\libgcc.a(_udivmodsi4.o)
 .text.libgcc.mul
                0x00000000        0x0 c:/program files/atmel/atmel toolchain/avr8 gcc/native/3.4.1061/avr8-gnu-toolchain/bin/../lib/gcc/avr/4.8.1/avr5\libgcc.a(_udivmodsi4.o)
 .text.libgcc   0x00000000        0x0 c:/program files/atmel/atmel toolchain/avr8 gcc/native/3.4.1061/avr8-gnu-toolchain/bin/../lib/gcc/avr/4.8.1/avr5\libgcc.a(_udivmodsi4.o)
 .text.libgcc.prologue
                0x00000000        0x0 c:/program files/atmel/atmel toolchain/avr8 gcc/native/3.4.1061/avr8-gnu-toolchain/bin/../lib/gcc/avr/4.8.1/avr5\libgcc.a(_udivmodsi4.o)
 .text.libgcc.builtins
                0x00000000        0x0 c:/program files/atmel/atmel toolchain/avr8 gcc/native/3.4.1061/avr8-gnu-toolchain/bin/../lib/gcc/avr/4.8.1/avr5\libgcc.a(_udivmodsi4.o)
 .text.libgcc.fmul
                0x00000000        0x0 c:/program files/atmel/atmel toolchain/avr8 gcc/native/3.4.1061/avr8-gnu-toolchain/bin/../lib/gcc/avr/4.8.1/avr5\libgcc.a(_udivmodsi4.o)
 .text.libgcc.fixed
                0x00000000        0x0 c:/program files/atmel/atmel toolchain/avr8 gcc/native/3.4.1061/avr8-gnu-toolchain/bin/../lib/gcc/avr/4.8.1/avr5\libgcc.a(_udivmodsi4.o)
 .text          0x00000000        0x0 c:/program files/atmel/atmel toolchain/avr8 gcc/native/3.4.1061/avr8-gnu-toolchain/bin/../lib/gcc/avr/4.8.1/avr5\libgcc.a(_divmodsi4.o)
 .data          0x00000000        0x0 c:/program files/atmel/atmel toolchain/avr8 gcc/native/3.4.1061/avr8-gnu-toolchain/bin/../lib/gcc/avr/4.8.1/avr5\libgcc.a(_divmodsi4.o)
 .bss           0x00000000        0x0 c:/program files/atmel/atmel toolchain/avr8 gcc/native/3.4.1061/avr8-gnu-toolchain/bin/../lib/gcc/avr/4.8.1/avr5\libgcc.a(_divmodsi4.o)
 .text.libgcc.mul
                0x00000000        0x0 c:/program files/atmel/atmel toolchain/avr8 gcc/native/3.4.1061/avr8-gnu-toolchain/bin/../lib/gcc/avr/4.8.1/avr5\libgcc.a(_divmodsi4.o)
 .text.libgcc.div
                0x00000000       0x2e c:/program files/atmel/atmel toolchain/avr8 gcc/native/3.4.1061/avr8-gnu-toolchain/bin/../lib/gcc/avr/4.8.1/avr5\libgcc.a(_divmodsi4.o)
 .text.libgcc   0x00000000        0x0 c:/program files/atmel/atmel toolchain/avr8 gcc/native/3.4.1061/avr8-gnu-toolchain/bin/../lib/gcc/avr/4.8.1/avr5\libgcc.a(_divmodsi4.o)
 .text.libgcc.prologue
                0x00000000        0x0 c:/program files/atmel/atmel toolchain/avr8 gcc/native/3.4.1061/avr8-gnu-toolchain/bin/../lib/gcc/avr/4.8.1/avr5\libgcc.a(_divmodsi4.o)
 .text.libgcc.builtins
                0x00000000        0x0 c:/program files/atmel/atmel toolchain/avr8 gcc/native/3.4.1061/avr8-gnu-toolchain/bin/../lib/gcc/avr/4.8.1/avr5\libgcc.a(_divmodsi4.o)
 .text.libgcc.fmul
                0x00000000        0x0 c:/program files/atmel/atmel toolchain/avr8 gcc/native/3.4.1061/avr8-gnu-toolchain/bin/../lib/gcc/avr/4.8.1/avr5\libgcc.a(_divmodsi4.o)
 .text.libgcc.fixed
                0x00000000        0x0 c:/program files/atmel/atmel toolchain/avr8 gcc/native/3.4.1061/avr8-gnu-toolchain/bin/../lib/gcc/avr/4.8.1/avr5\libgcc.a(_divmodsi4.o)
 .text          0x00000000        0x0 c:/program files/atmel/atmel toolchain/avr8 gcc/native/3.4.1061/avr8-gnu-toolchain/bin/../lib/gcc/avr/4.8.1/avr5\libgcc.a(_negsi2.o)
 .data          0x00000000        0x0 c:/program files/atmel/atmel toolchain/avr8 gcc/native/3.4.1061/avr8-gnu-toolchain/bin/../lib/gcc/avr/4.8.1/avr5\libgcc.a(_negsi2.o)
 .bss           0x00000000        0x0 c:/program files/atmel/atmel toolchain/avr8 gcc/native/3.4.1061/avr8-gnu-toolchain/bin/../lib/gcc/avr/4.8.1/avr5\libgcc.a(_negsi2.o)
 .text.libgcc.mul
                0x00000000        0x0 c:/program files/atmel/atmel toolchain/avr8 gcc/native/3.4.1061/avr8-gnu-toolchain/bin/../lib/gcc/avr/4.8.1/avr5\libgcc.a(_negsi2.o)
 .text.libgcc.div
                0x00000000       0x10 c:/program files/atmel/atmel toolchain/avr8 gcc/native/3.4.1061/avr8-gnu-toolchain/bin/../lib/gcc/avr/4.8.1/avr5\libgcc.a(_negsi2.o)
 .text.libgcc   0x00000000        0x0 c:/program files/atmel/atmel toolchain/avr8 gcc/native/3.4.1061/avr8-gnu-toolchain/bin/../lib/gcc/avr/4.8.1/avr5\libgcc.a(_negsi2.o)
 .text.libgcc.prologue
                0x00000000        0x0 c:/program files/atmel/atmel toolchain/avr8 gcc/native/3.4.1061/avr8-gnu-toolchain/bin/../lib/gcc/avr/4.8.1/avr5\libgcc.a(_negsi2.o)
 .text.libgcc.builtins
                0x00000000        0x0 c:/program files/atmel/atmel toolchain/avr8 gcc/native/3.4.1061/avr8-gnu-toolchain/bin/../lib/gcc/avr/4.8.1/avr5\libgcc.a(_negsi2.o)
 .text.libgcc.fmul
                0x00000000        0x0 c:/program files/atmel/atmel toolchain/avr8 gcc/native/3.4.1061/avr8-gnu-toolchain/bin/../lib/gcc/avr/4.8.1/avr5\libgcc.a(_negsi2.o)
 .text.libgcc.fixed
                0x00000000        0x0 c:/program files/atmel/atmel toolchain/avr8 gcc/native/3.4.1061/avr8-gnu-toolchain/bin/../lib/gcc/avr/4.8.1/avr5\libgcc.a(_negsi2.o)
 .text          0x00000000        0x0 c:/program files/atmel/atmel toolchain/avr8 gcc/native/3.4.1061/avr8-gnu-toolchain/bin/../lib/gcc/avr/4.8.1/avr5\libgcc.a(_exit.o)
 .data          0x00000000        0x0 c:/program files/atmel/atmel toolchain/avr8 gcc/native/3.4.1061/avr8-gnu-toolchain/bin/../lib/gcc/avr/4.8.1/avr5\libgcc.a(_exit.o)
 .bss           0x00000000        0x0 c:/program files/atmel/atmel toolchain/avr8 gcc/native/3.4.1061/avr8-gnu-toolchain/bin/../lib/gcc/avr/4.8.1/avr5\libgcc.a(_exit.o)
 .text.libgcc.mul
                0x00000000        0x0 c:/program files/atmel/atmel toolchain/avr8 gcc/native/3.4.1061/avr8-gnu-toolchain/bin/../lib/gcc/avr/4.8.1/avr5\libgcc.a(_exit.o)
 .text.libgcc.div
                0x00000000        0x0 c:/program files/atmel/atmel toolchain/avr8 gcc/native/3.4.1061/avr8-gnu-toolchain/bin/../lib/gcc/avr/4.8.1/avr5\libgcc.a(_exit.o)
 .text.libgcc   0x00000000        0x0 c:/program files/atmel/atmel toolchain/avr8 gcc/native/3.4.1061/avr8-gnu-toolchain/bin/../lib/gcc/avr/4.8.1/avr5\libgcc.a(_exit.o)
 .text.libgcc.prologue
                0x00000000        0x0 c:/program files/atmel/atmel toolchain/avr8 gcc/native/3.4.1061/avr8-gnu-toolchain/bin/../lib/gcc/avr/4.8.1/avr5\libgcc.a(_exit.o)
 .text.libgcc.builtins
                0x00000000        0x0 c:/program files/atmel/atmel toolchain/avr8 gcc/native/3.4.1061/avr8-gnu-toolchain/bin/../lib/gcc/avr/4.8.1/avr5\libgcc.a(_exit.o)
 .text.libgcc.fmul
                0x00000000        0x0 c:/program files/atmel/atmel toolchain/avr8 gcc/native/3.4.1061/avr8-gnu-toolchain/bin/../lib/gcc/avr/4.8.1/avr5\libgcc.a(_exit.o)
 .text.libgcc.fixed
                0x00000000        0x0 c:/program files/atmel/atmel toolchain/avr8 gcc/native/3.4.1061/avr8-gnu-toolchain/bin/../lib/gcc/avr/4.8.1/avr5\libgcc.a(_exit.o)
 .text          0x00000000        0x0 c:/program files/atmel/atmel toolchain/avr8 gcc/native/3.4.1061/avr8-gnu-toolchain/bin/../lib/gcc/avr/4.8.1/avr5\libgcc.a(_copy_data.o)
 .data          0x00000000        0x0 c:/program files/atmel/atmel toolchain/avr8 gcc/native/3.4.1061/avr8-gnu-toolchain/bin/../lib/gcc/avr/4.8.1/avr5\libgcc.a(_copy_data.o)
 .bss           0x00000000        0x0 c:/program files/atmel/atmel toolchain/avr8 gcc/native/3.4.1061/avr8-gnu-toolchain/bin/../lib/gcc/avr/4.8.1/avr5\libgcc.a(_copy_data.o)
 .text.libgcc.mul
                0x00000000        0x0 c:/program files/atmel/atmel toolchain/avr8 gcc/native/3.4.1061/avr8-gnu-toolchain/bin/../lib/gcc/avr/4.8.1/avr5\libgcc.a(_copy_data.o)
 .text.libgcc.div
                0x00000000        0x0 c:/program files/atmel/atmel toolchain/avr8 gcc/native/3.4.1061/avr8-gnu-toolchain/bin/../lib/gcc/avr/4.8.1/avr5\libgcc.a(_copy_data.o)
 .text.libgcc   0x00000000        0x0 c:/program files/atmel/atmel toolchain/avr8 gcc/native/3.4.1061/avr8-gnu-toolchain/bin/../lib/gcc/avr/4.8.1/avr5\libgcc.a(_copy_data.o)
 .text.libgcc.prologue
                0x00000000        0x0 c:/program files/atmel/atmel toolchain/avr8 gcc/native/3.4.1061/avr8-gnu-toolchain/bin/../lib/gcc/avr/4.8.1/avr5\libgcc.a(_copy_data.o)
 .text.libgcc.builtins
                0x00000000        0x0 c:/program files/atmel/atmel toolchain/avr8 gcc/native/3.4.1061/avr8-gnu-toolchain/bin/../lib/gcc/avr/4.8.1/avr5\libgcc.a(_copy_data.o)
 .text.libgcc.fmul
                0x00000000        0x0 c:/program files/atmel/atmel toolchain/avr8 gcc/native/3.4.1061/avr8-gnu-toolchain/bin/../lib/gcc/avr/4.8.1/avr5\libgcc.a(_copy_data.o)
 .text.libgcc.fixed
                0x00000000        0x0 c:/program files/atmel/atmel toolchain/avr8 gcc/native/3.4.1061/avr8-gnu-toolchain/bin/../lib/gcc/avr/4.8.1/avr5\libgcc.a(_copy_data.o)
 .text          0x00000000        0x0 c:/program files/atmel/atmel toolchain/avr8 gcc/native/3.4.1061/avr8-gnu-toolchain/bin/../lib/gcc/avr/4.8.1/avr5\libgcc.a(_clear_bss.o)
 .data          0x00000000        0x0 c:/program files/atmel/atmel toolchain/avr8 gcc/native/3.4.1061/avr8-gnu-toolchain/bin/../lib/gcc/avr/4.8.1/avr5\libgcc.a(_clear_bss.o)
 .bss           0x00000000        0x0 c:/program files/atmel/atmel toolchain/avr8 gcc/native/3.4.1061/avr8-gnu-toolchain/bin/../lib/gcc/avr/4.8.1/avr5\libgcc.a(_clear_bss.o)
 .text.libgcc.mul
                0x00000000        0x0 c:/program files/atmel/atmel toolchain/avr8 gcc/native/3.4.1061/avr8-gnu-toolchain/bin/../lib/gcc/avr/4.8.1/avr5\libgcc.a(_clear_bss.o)
 .text.libgcc.div
                0x00000000        0x0 c:/program files/atmel/atmel toolchain/avr8 gcc/native/3.4.1061/avr8-gnu-toolchain/bin/../lib/gcc/avr/4.8.1/avr5\libgcc.a(_clear_bss.o)
 .text.libgcc   0x00000000        0x0 c:/program files/atmel/atmel toolchain/avr8 gcc/native/3.4.1061/avr8-gnu-toolchain/bin/../lib/gcc/avr/4.8.1/avr5\libgcc.a(_clear_bss.o)
 .text.libgcc.prologue
                0x00000000        0x0 c:/program files/atmel/atmel toolchain/avr8 gcc/native/3.4.1061/avr8-gnu-toolchain/bin/../lib/gcc/avr/4.8.1/avr5\libgcc.a(_clear_bss.o)
 .text.libgcc.builtins
                0x00000000        0x0 c:/program files/atmel/atmel toolchain/avr8 gcc/native/3.4.1061/avr8-gnu-toolchain/bin/../lib/gcc/avr/4.8.1/avr5\libgcc.a(_clear_bss.o)
 .text.libgcc.fmul
                0x00000000        0x0 c:/program files/atmel/atmel toolchain/avr8 gcc/native/3.4.1061/avr8-gnu-toolchain/bin/../lib/gcc/avr/4.8.1/avr5\libgcc.a(_clear_bss.o)
 .text.libgcc.fixed
                0x00000000        0x0 c:/program files/atmel/atmel toolchain/avr8 gcc/native/3.4.1061/avr8-gnu-toolchain/bin/../lib/gcc/avr/4.8.1/avr5\libgcc.a(_clear_bss.o)
 .text          0x00000000        0x0 c:/program files/atmel/atmel toolchain/avr8 gcc/native/3.4.1061/avr8-gnu-toolchain/bin/../lib/gcc/avr/4.8.1/avr5\libgcc.a(_umulhisi3.o)
 .data          0x00000000        0x0 c:/program files/atmel/atmel toolchain/avr8 gcc/native/3.4.1061/avr8-gnu-toolchain/bin/../lib/gcc/avr/4.8.1/avr5\libgcc.a(_umulhisi3.o)
 .bss           0x00000000        0x0 c:/program files/atmel/atmel toolchain/avr8 gcc/native/3.4.1061/avr8-gnu-toolchain/bin/../lib/gcc/avr/4.8.1/avr5\libgcc.a(_umulhisi3.o)
 .text.libgcc.mul
                0x00000000       0x1e c:/program files/atmel/atmel toolchain/avr8 gcc/native/3.4.1061/avr8-gnu-toolchain/bin/../lib/gcc/avr/4.8.1/avr5\libgcc.a(_umulhisi3.o)
 .text.libgcc.div
                0x00000000        0x0 c:/program files/atmel/atmel toolchain/avr8 gcc/native/3.4.1061/avr8-gnu-toolchain/bin/../lib/gcc/avr/4.8.1/avr5\libgcc.a(_umulhisi3.o)
 .text.libgcc   0x00000000        0x0 c:/program files/atmel/atmel toolchain/avr8 gcc/native/3.4.1061/avr8-gnu-toolchain/bin/../lib/gcc/avr/4.8.1/avr5\libgcc.a(_umulhisi3.o)
 .text.libgcc.prologue
                0x00000000        0x0 c:/program files/atmel/atmel toolchain/avr8 gcc/native/3.4.1061/avr8-gnu-toolchain/bin/../lib/gcc/avr/4.8.1/avr5\libgcc.a(_umulhisi3.o)
 .text.libgcc.builtins
                0x00000000        0x0 c:/program files/atmel/atmel toolchain/avr8 gcc/native/3.4.1061/avr8-gnu-toolchain/bin/../lib/gcc/avr/4.8.1/avr5\libgcc.a(_umulhisi3.o)
 .text.libgcc.fmul
                0x00000000        0x0 c:/program files/atmel/atmel toolchain/avr8 gcc/native/3.4.1061/avr8-gnu-toolchain/bin/../lib/gcc/avr/4.8.1/avr5\libgcc.a(_umulhisi3.o)
 .text.libgcc.fixed
                0x00000000        0x0 c:/program files/atmel/atmel toolchain/avr8 gcc/native/3.4.1061/avr8-gnu-toolchain/bin/../lib/gcc/avr/4.8.1/avr5\libgcc.a(_umulhisi3.o)
 .text          0x00000000        0x0 c:/program files/atmel/atmel toolchain/avr8 gcc/native/3.4.1061/avr8-gnu-toolchain/bin/../lib/gcc/avr/4.8.1/../../../../avr/lib/avr5\libc.a(memcpy.o)
 .data          0x00000000        0x0 c:/program files/atmel/atmel toolchain/avr8 gcc/native/3.4.1061/avr8-gnu-toolchain/bin/../lib/gcc/avr/4.8.1/../../../../avr/lib/avr5\libc.a(memcpy.o)
 .bss           0x00000000        0x0 c:/program files/atmel/atmel toolchain/avr8 gcc/native/3.4.1061/avr8-gnu-toolchain/bin/../lib/gcc/avr/4.8.1/../../../../avr/lib/avr5\libc.a(memcpy.o)
 .text          0x00000000        0x0 c:/program files/atmel/atmel toolchain/avr8 gcc/native/3.4.1061/avr8-gnu-toolchain/bin/../lib/gcc/avr/4.8.1/../../../../avr/lib/avr5\libc.a(memset.o)
 .data          0x00000000        0x0 c:/program files/atmel/atmel toolchain/avr8 gcc/native/3.4.1061/avr8-gnu-toolchain/bin/../lib/gcc/avr/4.8.1/../../../../avr/lib/avr5\libc.a(memset.o)
 .bss           0x00000000        0x0 c:/program files/atmel/atmel toolchain/avr8 gcc/native/3.4.1061/avr8-gnu-toolchain/bin/../lib/gcc/avr/4.8.1/../../../../avr/lib/avr5\libc.a(memset.o)
 .text          0x00000000        0x0 c:/program files/atmel/atmel toolchain/avr8 gcc/native/3.4.1061/avr8-gnu-toolchain/bin/../lib/gcc/avr/4.8.1/../../../../avr/lib/avr5\libc.a(strncpy.o)
 .data          0x00000000        0x0 c:/program files/atmel/atmel toolchain/avr8 gcc/native/3.4.1061/avr8-gnu-toolchain/bin/../lib/gcc/avr/4.8.1/../../../../avr/lib/avr5\libc.a(strncpy.o)
 .bss           0x00000000        0x0 c:/program files/atmel/atmel toolchain/avr8 gcc/native/3.4.1061/avr8-gnu-toolchain/bin/../lib/gcc/avr/4.8.1/../../../../avr/lib/avr5\libc.a(strncpy.o)
 .text          0x00000000        0x0 c:/program files/atmel/atmel toolchain/avr8 gcc/native/3.4.1061/avr8-gnu-toolchain/bin/../lib/gcc/avr/4.8.1/../../../../avr/lib/avr5\libc.a(printf.o)
 .data          0x00000000        0x0 c:/program files/atmel/atmel toolchain/avr8 gcc/native/3.4.1061/avr8-gnu-toolchain/bin/../lib/gcc/avr/4.8.1/../../../../avr/lib/avr5\libc.a(printf.o)
 .bss           0x00000000        0x0 c:/program files/atmel/atmel toolchain/avr8 gcc/native/3.4.1061/avr8-gnu-toolchain/bin/../lib/gcc/avr/4.8.1/../../../../avr/lib/avr5\libc.a(printf.o)
 .text.avr-libc
                0x00000000       0x28 c:/program files/atmel/atmel toolchain/avr8 gcc/native/3.4.1061/avr8-gnu-toolchain/bin/../lib/gcc/avr/4.8.1/../../../../avr/lib/avr5\libc.a(printf.o)
 .comment       0x00000000       0x31 c:/program files/atmel/atmel toolchain/avr8 gcc/native/3.4.1061/avr8-gnu-toolchain/bin/../lib/gcc/avr/4.8.1/../../../../avr/lib/avr5\libc.a(printf.o)
 .text          0x00000000        0x0 c:/program files/atmel/atmel toolchain/avr8 gcc/native/3.4.1061/avr8-gnu-toolchain/bin/../lib/gcc/avr/4.8.1/../../../../avr/lib/avr5\libc.a(vfprintf_std.o)
 .data          0x00000000        0x0 c:/program files/atmel/atmel toolchain/avr8 gcc/native/3.4.1061/avr8-gnu-toolchain/bin/../lib/gcc/avr/4.8.1/../../../../avr/lib/avr5\libc.a(vfprintf_std.o)
 .bss           0x00000000        0x0 c:/program files/atmel/atmel toolchain/avr8 gcc/native/3.4.1061/avr8-gnu-toolchain/bin/../lib/gcc/avr/4.8.1/../../../../avr/lib/avr5\libc.a(vfprintf_std.o)
 .text.avr-libc
                0x00000000      0x3a4 c:/program files/atmel/atmel toolchain/avr8 gcc/native/3.4.1061/avr8-gnu-toolchain/bin/../lib/gcc/avr/4.8.1/../../../../avr/lib/avr5\libc.a(vfprintf_std.o)
 .comment       0x00000000       0x2d c:/program files/atmel/atmel toolchain/avr8 gcc/native/3.4.1061/avr8-gnu-toolchain/bin/../lib/gcc/avr/4.8.1/../../../../avr/lib/avr5\libc.a(vfprintf_std.o)
 .text          0x00000000        0x0 c:/program files/atmel/atmel toolchain/avr8 gcc/native/3.4.1061/avr8-gnu-toolchain/bin/../lib/gcc/avr/4.8.1/../../../../avr/lib/avr5\libc.a(strnlen_P.o)
 .data          0x00000000        0x0 c:/program files/atmel/atmel toolchain/avr8 gcc/native/3.4.1061/avr8-gnu-toolchain/bin/../lib/gcc/avr/4.8.1/../../../../avr/lib/avr5\libc.a(strnlen_P.o)
 .bss           0x00000000        0x0 c:/program files/atmel/atmel toolchain/avr8 gcc/native/3.4.1061/avr8-gnu-toolchain/bin/../lib/gcc/avr/4.8.1/../../../../avr/lib/avr5\libc.a(strnlen_P.o)
 .text.avr-libc
                0x00000000       0x16 c:/program files/atmel/atmel toolchain/avr8 gcc/native/3.4.1061/avr8-gnu-toolchain/bin/../lib/gcc/avr/4.8.1/../../../../avr/lib/avr5\libc.a(strnlen_P.o)
 .text          0x00000000        0x0 c:/program files/atmel/atmel toolchain/avr8 gcc/native/3.4.1061/avr8-gnu-toolchain/bin/../lib/gcc/avr/4.8.1/../../../../avr/lib/avr5\libc.a(strnlen.o)
 .data          0x00000000        0x0 c:/program files/atmel/atmel toolchain/avr8 gcc/native/3.4.1061/avr8-gnu-toolchain/bin/../lib/gcc/avr/4.8.1/../../../../avr/lib/avr5\libc.a(strnlen.o)
 .bss           0x00000000        0x0 c:/program files/atmel/atmel toolchain/avr8 gcc/native/3.4.1061/avr8-gnu-toolchain/bin/../lib/gcc/avr/4.8.1/../../../../avr/lib/avr5\libc.a(strnlen.o)
 .text.avr-libc
                0x00000000       0x16 c:/program files/atmel/atmel toolchain/avr8 gcc/native/3.4.1061/avr8-gnu-toolchain/bin/../lib/gcc/avr/4.8.1/../../../../avr/lib/avr5\libc.a(strnlen.o)
 .text          0x00000000        0x0 c:/program files/atmel/atmel toolchain/avr8 gcc/native/3.4.1061/avr8-gnu-toolchain/bin/../lib/gcc/avr/4.8.1/../../../../avr/lib/avr5\libc.a(fputc.o)
 .data          0x00000000        0x0 c:/program files/atmel/atmel toolchain/avr8 gcc/native/3.4.1061/avr8-gnu-toolchain/bin/../lib/gcc/avr/4.8.1/../../../../avr/lib/avr5\libc.a(fputc.o)
 .bss           0x00000000        0x0 c:/program files/atmel/atmel toolchain/avr8 gcc/native/3.4.1061/avr8-gnu-toolchain/bin/../lib/gcc/avr/4.8.1/../../../../avr/lib/avr5\libc.a(fputc.o)
 .text.avr-libc
                0x00000000       0x64 c:/program files/atmel/atmel toolchain/avr8 gcc/native/3.4.1061/avr8-gnu-toolchain/bin/../lib/gcc/avr/4.8.1/../../../../avr/lib/avr5\libc.a(fputc.o)
 .comment       0x00000000       0x31 c:/program files/atmel/atmel toolchain/avr8 gcc/native/3.4.1061/avr8-gnu-toolchain/bin/../lib/gcc/avr/4.8.1/../../../../avr/lib/avr5\libc.a(fputc.o)
 .text          0x00000000        0x0 c:/program files/atmel/atmel toolchain/avr8 gcc/native/3.4.1061/avr8-gnu-toolchain/bin/../lib/gcc/avr/4.8.1/../../../../avr/lib/avr5\libc.a(iob.o)
 .data          0x00000000        0x0 c:/program files/atmel/atmel toolchain/avr8 gcc/native/3.4.1061/avr8-gnu-toolchain/bin/../lib/gcc/avr/4.8.1/../../../../avr/lib/avr5\libc.a(iob.o)
 .bss           0x00000000        0x0 c:/program files/atmel/atmel toolchain/avr8 gcc/native/3.4.1061/avr8-gnu-toolchain/bin/../lib/gcc/avr/4.8.1/../../../../avr/lib/avr5\libc.a(iob.o)
 .comment       0x00000000       0x31 c:/program files/atmel/atmel toolchain/avr8 gcc/native/3.4.1061/avr8-gnu-toolchain/bin/../lib/gcc/avr/4.8.1/../../../../avr/lib/avr5\libc.a(iob.o)
 COMMON         0x00000000        0x6 c:/program files/atmel/atmel toolchain/avr8 gcc/native/3.4.1061/avr8-gnu-toolchain/bin/../lib/gcc/avr/4.8.1/../../../../avr/lib/avr5\libc.a(iob.o)
 .text          0x00000000        0x0 c:/program files/atmel/atmel toolchain/avr8 gcc/native/3.4.1061/avr8-gnu-toolchain/bin/../lib/gcc/avr/4.8.1/../../../../avr/lib/avr5\libc.a(ultoa_invert.o)
 .data          0x00000000        0x0 c:/program files/atmel/atmel toolchain/avr8 gcc/native/3.4.1061/avr8-gnu-toolchain/bin/../lib/gcc/avr/4.8.1/../../../../avr/lib/avr5\libc.a(ultoa_invert.o)
 .bss           0x00000000        0x0 c:/program files/atmel/atmel toolchain/avr8 gcc/native/3.4.1061/avr8-gnu-toolchain/bin/../lib/gcc/avr/4.8.1/../../../../avr/lib/avr5\libc.a(ultoa_invert.o)
 .text.avr-libc
                0x00000000       0xbc c:/program files/atmel/atmel toolchain/avr8 gcc/native/3.4.1061/avr8-gnu-toolchain/bin/../lib/gcc/avr/4.8.1/../../../../avr/lib/avr5\libc.a(ultoa_invert.o)
 .text          0x00000000        0x0 c:/program files/atmel/atmel toolchain/avr8 gcc/native/3.4.1061/avr8-gnu-toolchain/bin/../lib/gcc/avr/4.8.1/avr5\libgcc.a(_prologue.o)
 .data          0x00000000        0x0 c:/program files/atmel/atmel toolchain/avr8 gcc/native/3.4.1061/avr8-gnu-toolchain/bin/../lib/gcc/avr/4.8.1/avr5\libgcc.a(_prologue.o)
 .bss           0x00000000        0x0 c:/program files/atmel/atmel toolchain/avr8 gcc/native/3.4.1061/avr8-gnu-toolchain/bin/../lib/gcc/avr/4.8.1/avr5\libgcc.a(_prologue.o)
 .text.libgcc.mul
                0x00000000        0x0 c:/program files/atmel/atmel toolchain/avr8 gcc/native/3.4.1061/avr8-gnu-toolchain/bin/../lib/gcc/avr/4.8.1/avr5\libgcc.a(_prologue.o)
 .text.libgcc.div
                0x00000000        0x0 c:/program files/atmel/atmel toolchain/avr8 gcc/native/3.4.1061/avr8-gnu-toolchain/bin/../lib/gcc/avr/4.8.1/avr5\libgcc.a(_prologue.o)
 .text.libgcc   0x00000000        0x0 c:/program files/atmel/atmel toolchain/avr8 gcc/native/3.4.1061/avr8-gnu-toolchain/bin/../lib/gcc/avr/4.8.1/avr5\libgcc.a(_prologue.o)
 .text.libgcc.prologue
                0x00000000       0x38 c:/program files/atmel/atmel toolchain/avr8 gcc/native/3.4.1061/avr8-gnu-toolchain/bin/../lib/gcc/avr/4.8.1/avr5\libgcc.a(_prologue.o)
 .text.libgcc.builtins
                0x00000000        0x0 c:/program files/atmel/atmel toolchain/avr8 gcc/native/3.4.1061/avr8-gnu-toolchain/bin/../lib/gcc/avr/4.8.1/avr5\libgcc.a(_prologue.o)
 .text.libgcc.fmul
                0x00000000        0x0 c:/program files/atmel/atmel toolchain/avr8 gcc/native/3.4.1061/avr8-gnu-toolchain/bin/../lib/gcc/avr/4.8.1/avr5\libgcc.a(_prologue.o)
 .text.libgcc.fixed
                0x00000000        0x0 c:/program files/atmel/atmel toolchain/avr8 gcc/native/3.4.1061/avr8-gnu-toolchain/bin/../lib/gcc/avr/4.8.1/avr5\libgcc.a(_prologue.o)
 .text          0x00000000        0x0 c:/program files/atmel/atmel toolchain/avr8 gcc/native/3.4.1061/avr8-gnu-toolchain/bin/../lib/gcc/avr/4.8.1/avr5\libgcc.a(_epilogue.o)
 .data          0x00000000        0x0 c:/program files/atmel/atmel toolchain/avr8 gcc/native/3.4.1061/avr8-gnu-toolchain/bin/../lib/gcc/avr/4.8.1/avr5\libgcc.a(_epilogue.o)
 .bss           0x00000000        0x0 c:/program files/atmel/atmel toolchain/avr8 gcc/native/3.4.1061/avr8-gnu-toolchain/bin/../lib/gcc/avr/4.8.1/avr5\libgcc.a(_epilogue.o)
 .text.libgcc.mul
                0x00000000        0x0 c:/program files/atmel/atmel toolchain/avr8 gcc/native/3.4.1061/avr8-gnu-toolchain/bin/../lib/gcc/avr/4.8.1/avr5\libgcc.a(_epilogue.o)
 .text.libgcc.div
                0x00000000        0x0 c:/program files/atmel/atmel toolchain/avr8 gcc/native/3.4.1061/avr8-gnu-toolchain/bin/../lib/gcc/avr/4.8.1/avr5\libgcc.a(_epilogue.o)
 .text.libgcc   0x00000000        0x0 c:/program files/atmel/atmel toolchain/avr8 gcc/native/3.4.1061/avr8-gnu-toolchain/bin/../lib/gcc/avr/4.8.1/avr5\libgcc.a(_epilogue.o)
 .text.libgcc.prologue
                0x00000000       0x36 c:/program files/atmel/atmel toolchain/avr8 gcc/native/3.4.1061/avr8-gnu-toolchain/bin/../lib/gcc/avr/4.8.1/avr5\libgcc.a(_epilogue.o)
 .text.libgcc.builtins
                0x00000000        0x0 c:/program files/atmel/atmel toolchain/avr8 gcc/native/3.4.1061/avr8-gnu-toolchain/bin/../lib/gcc/avr/4.8.1/avr5\libgcc.a(_epilogue.o)
 .text.libgcc.fmul
                0x00000000        0x0 c:/program files/atmel/atmel toolchain/avr8 gcc/native/3.4.1061/avr8-gnu-toolchain/bin/../lib/gcc/avr/4.8.1/avr5\libgcc.a(_epilogue.o)
 .text.libgcc.fixed
                0x00000000        0x0 c:/program files/atmel/atmel toolchain/avr8 gcc/native/3.4.1061/avr8-gnu-toolchain/bin/../lib/gcc/avr/4.8.1/avr5\libgcc.a(_epilogue.o)

Memory Configuration

Name             Origin             Length             Attributes
text             0x00000000         0x00020000         xr
data             0x00800060         0x0000ffa0         rw !x
eeprom           0x00810000         0x00010000         rw !x
fuse             0x00820000         0x00000400         rw !x
lock             0x00830000         0x00000400         rw !x
signature        0x00840000         0x00000400         rw !x
user_signatures  0x00850000         0x00000400         rw !x
*default*        0x00000000         0xffffffff

Linker script and memory map

Address of section .data set to 0x800100
LOAD c:/program files/atmel/atmel toolchain/avr8 gcc/native/3.4.1061/avr8-gnu-toolchain/bin/../lib/gcc/avr/4.8.1/../../../../avr/lib/avr5/crtm328p.o
LOAD application/uno.o
LOAD devices/adc.o
LOAD devices/key.o
LOAD devices/lcd_ard.o
LOAD devices/led.o
LOAD ds1820/crc8.o
LOAD ds1820/ds18x20.o
LOAD ds1820/onewire.o
LOAD freertos/croutine.o
LOAD freertos/heap_1.o
LOAD freertos/list.o
LOAD freertos/port.o
LOAD freertos/queue.o
LOAD freertos/tasks.o
LOAD protocol/io.o
LOAD protocol/protocol.o
LOAD freertos/serial.o
START GROUP
LOAD c:/program files/atmel/atmel toolchain/avr8 gcc/native/3.4.1061/avr8-gnu-toolchain/bin/../lib/gcc/avr/4.8.1/../../../../avr/lib/avr5\libm.a
END GROUP
START GROUP
LOAD c:/program files/atmel/atmel toolchain/avr8 gcc/native/3.4.1061/avr8-gnu-toolchain/bin/../lib/gcc/avr/4.8.1/avr5\libgcc.a
LOAD c:/program files/atmel/atmel toolchain/avr8 gcc/native/3.4.1061/avr8-gnu-toolchain/bin/../lib/gcc/avr/4.8.1/../../../../avr/lib/avr5\libm.a
LOAD c:/program files/atmel/atmel toolchain/avr8 gcc/native/3.4.1061/avr8-gnu-toolchain/bin/../lib/gcc/avr/4.8.1/../../../../avr/lib/avr5\libc.a
END GROUP

.hash
 *(.hash)

.dynsym
 *(.dynsym)

.dynstr
 *(.dynstr)

.gnu.version
 *(.gnu.version)

.gnu.version_d
 *(.gnu.version_d)

.gnu.version_r
 *(.gnu.version_r)

.rel.init
 *(.rel.init)

.rela.init
 *(.rela.init)

.rel.text
 *(.rel.text)
 *(.rel.text.*)
 *(.rel.gnu.linkonce.t*)

.rela.text
 *(.rela.text)
 *(.rela.text.*)
 *(.rela.gnu.linkonce.t*)

.rel.fini
 *(.rel.fini)

.rela.fini
 *(.rela.fini)

.rel.rodata
 *(.rel.rodata)
 *(.rel.rodata.*)
 *(.rel.gnu.linkonce.r*)

.rela.rodata
 *(.rela.rodata)
 *(.rela.rodata.*)
 *(.rela.gnu.linkonce.r*)

.rel.data
 *(.rel.data)
 *(.rel.data.*)
 *(.rel.gnu.linkonce.d*)

.rela.data
 *(.rela.data)
 *(.rela.data.*)
 *(.rela.gnu.linkonce.d*)

.rel.ctors
 *(.rel.ctors)

.rela.ctors
 *(.rela.ctors)

.rel.dtors
 *(.rel.dtors)

.rela.dtors
 *(.rela.dtors)

.rel.got
 *(.rel.got)

.rela.got
 *(.rela.got)

.rel.bss
 *(.rel.bss)

.rela.bss
 *(.rela.bss)

.rel.plt
 *(.rel.plt)

.rela.plt
 *(.rela.plt)

.text           0x00000000     0x1402
 *(.vectors)
 .vectors       0x00000000       0x68 c:/program files/atmel/atmel toolchain/avr8 gcc/native/3.4.1061/avr8-gnu-toolchain/bin/../lib/gcc/avr/4.8.1/../../../../avr/lib/avr5/crtm328p.o
                0x00000000                __vector_default
                0x00000000                __vectors
 *(.vectors)
 *(.progmem.gcc*)
                0x00000068                . = ALIGN (0x2)
                0x00000068                __trampolines_start = .
 *(.trampolines)
 .trampolines   0x00000068        0x0 linker stubs
 *(.trampolines*)
                0x00000068                __trampolines_end = .
 *(.progmem*)
                0x00000068                . = ALIGN (0x2)
 *(.jumptables)
 *(.jumptables*)
 *(.lowtext)
 *(.lowtext*)
                0x00000068                __ctors_start = .
 *(.ctors)
                0x00000068                __ctors_end = .
                0x00000068                __dtors_start = .
 *(.dtors)
                0x00000068                __dtors_end = .
 SORT(*)(.ctors)
 SORT(*)(.dtors)
 *(.init0)
 .init0         0x00000068        0x0 c:/program files/atmel/atmel toolchain/avr8 gcc/native/3.4.1061/avr8-gnu-toolchain/bin/../lib/gcc/avr/4.8.1/../../../../avr/lib/avr5/crtm328p.o
                0x00000068                __init
 *(.init0)
 *(.init1)
 *(.init1)
 *(.init2)
 .init2         0x00000068        0xc c:/program files/atmel/atmel toolchain/avr8 gcc/native/3.4.1061/avr8-gnu-toolchain/bin/../lib/gcc/avr/4.8.1/../../../../avr/lib/avr5/crtm328p.o
 *(.init2)
 *(.init3)
 *(.init3)
 *(.init4)
 .init4         0x00000074       0x16 c:/program files/atmel/atmel toolchain/avr8 gcc/native/3.4.1061/avr8-gnu-toolchain/bin/../lib/gcc/avr/4.8.1/avr5\libgcc.a(_copy_data.o)
                0x00000074                __do_copy_data
 .init4         0x0000008a       0x10 c:/program files/atmel/atmel toolchain/avr8 gcc/native/3.4.1061/avr8-gnu-toolchain/bin/../lib/gcc/avr/4.8.1/avr5\libgcc.a(_clear_bss.o)
                0x0000008a                __do_clear_bss
 *(.init4)
 *(.init5)
 *(.init5)
 *(.init6)
 *(.init6)
 *(.init7)
 *(.init7)
 *(.init8)
 *(.init8)
 *(.init9)
 .init9         0x0000009a        0x8 c:/program files/atmel/atmel toolchain/avr8 gcc/native/3.4.1061/avr8-gnu-toolchain/bin/../lib/gcc/avr/4.8.1/../../../../avr/lib/avr5/crtm328p.o
 *(.init9)
 *(.text)
 .text          0x000000a2        0x4 c:/program files/atmel/atmel toolchain/avr8 gcc/native/3.4.1061/avr8-gnu-toolchain/bin/../lib/gcc/avr/4.8.1/../../../../avr/lib/avr5/crtm328p.o
                0x000000a2                __vector_22
                0x000000a2                __vector_1
                0x000000a2                __vector_24
                0x000000a2                __vector_12
                0x000000a2                __bad_interrupt
                0x000000a2                __vector_6
                0x000000a2                __vector_3
                0x000000a2                __vector_23
                0x000000a2                __vector_25
                0x000000a2                __vector_13
                0x000000a2                __vector_17
                0x000000a2                __vector_7
                0x000000a2                __vector_5
                0x000000a2                __vector_4
                0x000000a2                __vector_9
                0x000000a2                __vector_2
                0x000000a2                __vector_21
                0x000000a2                __vector_15
                0x000000a2                __vector_8
                0x000000a2                __vector_14
                0x000000a2                __vector_10
                0x000000a2                __vector_16
                0x000000a2                __vector_20
                0x000000a6                . = ALIGN (0x2)
 *(.text.*)
 .text.DoCalculate
                0x000000a6       0x5a application/uno.o
 .text.vWriter3
                0x00000100       0x28 application/uno.o
 .text.vWriter2
                0x00000128       0x28 application/uno.o
 .text.vWriter1
                0x00000150       0x28 application/uno.o
 .text.main     0x00000178       0xa2 application/uno.o
                0x00000178                main
 .text.pvPortMalloc
                0x0000021a       0x4c freertos/heap_1.o
                0x0000021a                pvPortMalloc
 .text.vPortFree
                0x00000266        0x2 freertos/heap_1.o
                0x00000266                vPortFree
 .text.vListInitialise
                0x00000268       0x1c freertos/list.o
                0x00000268                vListInitialise
 .text.vListInitialiseItem
                0x00000284        0x8 freertos/list.o
                0x00000284                vListInitialiseItem
 .text.vListInsertEnd
                0x0000028c       0x4e freertos/list.o
                0x0000028c                vListInsertEnd
 .text.vListInsert
                0x000002da       0x76 freertos/list.o
                0x000002da                vListInsert
 .text.vListRemove
                0x00000350       0x4c freertos/list.o
                0x00000350                vListRemove
 .text.pxPortInitialiseStack
                0x0000039c       0xd8 freertos/port.o
                0x0000039c                pxPortInitialiseStack
 .text.xPortStartScheduler
                0x00000474       0x74 freertos/port.o
                0x00000474                xPortStartScheduler
 .text.vPortYield
                0x000004e8       0xb2 freertos/port.o
                0x000004e8                vPortYield
 .text.vPortYieldFromTick
                0x0000059a       0xb6 freertos/port.o
                0x0000059a                vPortYieldFromTick
 .text.__vector_11
                0x00000650        0x6 freertos/port.o
                0x00000650                __vector_11
 .text.prvCopyDataToQueue
                0x00000656       0x82 freertos/queue.o
 .text.prvCopyDataFromQueue
                0x000006d8       0x34 freertos/queue.o
 .text.prvUnlockQueue
                0x0000070c       0x64 freertos/queue.o
 .text.xQueueCreate
                0x00000770       0xaa freertos/queue.o
                0x00000770                xQueueCreate
 .text.xQueueGenericSend
                0x0000081a      0x158 freertos/queue.o
                0x0000081a                xQueueGenericSend
 .text.xQueueGenericSendFromISR
                0x00000972       0x4e freertos/queue.o
                0x00000972                xQueueGenericSendFromISR
 .text.xQueueReceiveFromISR
                0x000009c0       0x66 freertos/queue.o
                0x000009c0                xQueueReceiveFromISR
 .text.prvIdleTask
                0x00000a26       0x10 freertos/tasks.o
 .text.xTaskCreate
                0x00000a36      0x1da freertos/tasks.o
                0x00000a36                xTaskCreate
 .text.vTaskStartScheduler
                0x00000c10       0x3e freertos/tasks.o
                0x00000c10                vTaskStartScheduler
 .text.vTaskSuspendAll
                0x00000c4e       0x16 freertos/tasks.o
                0x00000c4e                vTaskSuspendAll
 .text.xTaskResumeAll
                0x00000c64      0x202 freertos/tasks.o
                0x00000c64                xTaskResumeAll
 .text.vTaskIncrementTick
                0x00000e66       0xf0 freertos/tasks.o
                0x00000e66                vTaskIncrementTick
 .text.vTaskSwitchContext
                0x00000f56       0xba freertos/tasks.o
                0x00000f56                vTaskSwitchContext
 .text.vTaskPlaceOnEventList
                0x00001010       0x82 freertos/tasks.o
                0x00001010                vTaskPlaceOnEventList
 .text.xTaskRemoveFromEventList
                0x00001092       0x96 freertos/tasks.o
                0x00001092                xTaskRemoveFromEventList
 .text.vTaskSetTimeOutState
                0x00001128       0x16 freertos/tasks.o
                0x00001128                vTaskSetTimeOutState
 .text.xTaskCheckForTimeOut
                0x0000113e       0x6a freertos/tasks.o
                0x0000113e                xTaskCheckForTimeOut
 .text.vTaskMissedYield
                0x000011a8        0x8 freertos/tasks.o
                0x000011a8                vTaskMissedYield
 .text.xSerialPortInitMinimal
                0x000011b0       0x98 freertos/serial.o
                0x000011b0                xSerialPortInitMinimal
 .text.xSerialPutChar
                0x00001248       0x3a freertos/serial.o
                0x00001248                xSerialPutChar
 .text.__vector_18
                0x00001282       0x76 freertos/serial.o
                0x00001282                __vector_18
 .text.__vector_19
                0x000012f8       0x84 freertos/serial.o
                0x000012f8                __vector_19
 .text.libgcc.div
                0x0000137c       0x44 c:/program files/atmel/atmel toolchain/avr8 gcc/native/3.4.1061/avr8-gnu-toolchain/bin/../lib/gcc/avr/4.8.1/avr5\libgcc.a(_udivmodsi4.o)
                0x0000137c                __udivmodsi4
 .text.avr-libc
                0x000013c0       0x12 c:/program files/atmel/atmel toolchain/avr8 gcc/native/3.4.1061/avr8-gnu-toolchain/bin/../lib/gcc/avr/4.8.1/../../../../avr/lib/avr5\libc.a(memcpy.o)
                0x000013c0                memcpy
 .text.avr-libc
                0x000013d2        0xe c:/program files/atmel/atmel toolchain/avr8 gcc/native/3.4.1061/avr8-gnu-toolchain/bin/../lib/gcc/avr/4.8.1/../../../../avr/lib/avr5\libc.a(memset.o)
                0x000013d2                memset
 .text.avr-libc
                0x000013e0       0x1e c:/program files/atmel/atmel toolchain/avr8 gcc/native/3.4.1061/avr8-gnu-toolchain/bin/../lib/gcc/avr/4.8.1/../../../../avr/lib/avr5\libc.a(strncpy.o)
                0x000013e0                strncpy
                0x000013fe                . = ALIGN (0x2)
 *(.fini9)
 .fini9         0x000013fe        0x0 c:/program files/atmel/atmel toolchain/avr8 gcc/native/3.4.1061/avr8-gnu-toolchain/bin/../lib/gcc/avr/4.8.1/avr5\libgcc.a(_exit.o)
                0x000013fe                _exit
                0x000013fe                exit
 *(.fini9)
 *(.fini8)
 *(.fini8)
 *(.fini7)
 *(.fini7)
 *(.fini6)
 *(.fini6)
 *(.fini5)
 *(.fini5)
 *(.fini4)
 *(.fini4)
 *(.fini3)
 *(.fini3)
 *(.fini2)
 *(.fini2)
 *(.fini1)
 *(.fini1)
 *(.fini0)
 .fini0         0x000013fe        0x4 c:/program files/atmel/atmel toolchain/avr8 gcc/native/3.4.1061/avr8-gnu-toolchain/bin/../lib/gcc/avr/4.8.1/avr5\libgcc.a(_exit.o)
 *(.fini0)
                0x00001402                _etext = .

.data           0x00800100       0x16 load address 0x00001402
                0x00800100                PROVIDE (__data_start, .)
 *(.data)
 *(.data*)
 *(.rodata)
 *(.rodata*)
 .rodata.str1.1
                0x00800100       0x11 application/uno.o
 .rodata.str1.1
                0x00800111        0x5 freertos/tasks.o
 *(.gnu.linkonce.d*)
                0x00800116                . = ALIGN (0x2)
                0x00800116                _edata = .
                0x00800116                PROVIDE (__data_end, .)

.bss            0x00800116      0x465
                0x00800116                PROVIDE (__bss_start, .)
 *(.bss)
 *(.bss*)
 .bss.xNextFreeByte
                0x00800116        0x2 freertos/heap_1.o
 .bss.xHeap     0x00800118      0x3ec freertos/heap_1.o
 .bss.xNumOfOverflows
                0x00800504        0x1 freertos/tasks.o
 .bss.xMissedYield
                0x00800505        0x1 freertos/tasks.o
 .bss.uxMissedTicks
                0x00800506        0x1 freertos/tasks.o
 .bss.uxSchedulerSuspended
                0x00800507        0x1 freertos/tasks.o
 .bss.xSchedulerRunning
                0x00800508        0x1 freertos/tasks.o
 .bss.uxTopReadyPriority
                0x00800509        0x1 freertos/tasks.o
 .bss.uxTopUsedPriority
                0x0080050a        0x1 freertos/tasks.o
 .bss.xTickCount
                0x0080050b        0x2 freertos/tasks.o
 .bss.uxCurrentNumberOfTasks
                0x0080050d        0x1 freertos/tasks.o
 .bss.xPendingReadyList
                0x0080050e        0x9 freertos/tasks.o
 .bss.pxOverflowDelayedTaskList
                0x00800517        0x2 freertos/tasks.o
 .bss.pxDelayedTaskList
                0x00800519        0x2 freertos/tasks.o
 .bss.xDelayedTaskList2
                0x0080051b        0x9 freertos/tasks.o
 .bss.xDelayedTaskList1
                0x00800524        0x9 freertos/tasks.o
 .bss.pxReadyTasksLists
                0x0080052d       0x48 freertos/tasks.o
 .bss.pxCurrentTCB
                0x00800575        0x2 freertos/tasks.o
                0x00800575                pxCurrentTCB
 .bss.xCharsForTx
                0x00800577        0x2 freertos/serial.o
 .bss.xRxedChars
                0x00800579        0x2 freertos/serial.o
 *(COMMON)
                0x0080057b                PROVIDE (__bss_end, .)
                0x00001402                __data_load_start = LOADADDR (.data)
                0x00001418                __data_load_end = (__data_load_start + SIZEOF (.data))

.noinit         0x0080057b        0x0
                0x0080057b                PROVIDE (__noinit_start, .)
 *(.noinit*)
                0x0080057b                PROVIDE (__noinit_end, .)
                0x0080057b                _end = .
                0x0080057b                PROVIDE (__heap_start, .)

.eeprom         0x00810000        0x0
 *(.eeprom*)
                0x00810000                __eeprom_end = .

.fuse
 *(.fuse)
 *(.lfuse)
 *(.hfuse)
 *(.efuse)

.lock
 *(.lock*)

.signature
 *(.signature*)

.user_signatures
 *(.user_signatures*)

.stab
 *(.stab)

.stabstr
 *(.stabstr)

.stab.excl
 *(.stab.excl)

.stab.exclstr
 *(.stab.exclstr)

.stab.index
 *(.stab.index)

.stab.indexstr
 *(.stab.indexstr)

.comment        0x00000000       0x30
 *(.comment)
 .comment       0x00000000       0x30 application/uno.o
                                 0x31 (size before relaxing)
 .comment       0x00000000       0x31 freertos/heap_1.o
 .comment       0x00000000       0x31 freertos/list.o
 .comment       0x00000000       0x31 freertos/port.o
 .comment       0x00000000       0x31 freertos/queue.o
 .comment       0x00000000       0x31 freertos/tasks.o
 .comment       0x00000000       0x31 freertos/serial.o

.note.gnu.build-id
 *(.note.gnu.build-id)

.debug
 *(.debug)

.line
 *(.line)

.debug_srcinfo
 *(.debug_srcinfo)

.debug_sfnames
 *(.debug_sfnames)

.debug_aranges  0x00000000      0x248
 *(.debug_aranges)
 .debug_aranges
                0x00000000       0x40 application/uno.o
 .debug_aranges
                0x00000040       0x30 freertos/heap_1.o
 .debug_aranges
                0x00000070       0x40 freertos/list.o
 .debug_aranges
                0x000000b0       0x48 freertos/port.o
 .debug_aranges
                0x000000f8       0x68 freertos/queue.o
 .debug_aranges
                0x00000160       0xa0 freertos/tasks.o
 .debug_aranges
                0x00000200       0x48 freertos/serial.o

.debug_pubnames
 *(.debug_pubnames)

.debug_info     0x00000000     0x28bb
 *(.debug_info .gnu.linkonce.wi.*)
 .debug_info    0x00000000      0x437 application/uno.o
 .debug_info    0x00000437      0x185 freertos/heap_1.o
 .debug_info    0x000005bc      0x2ba freertos/list.o
 .debug_info    0x00000876      0x22a freertos/port.o
 .debug_info    0x00000aa0      0xaf2 freertos/queue.o
 .debug_info    0x00001592      0xefc freertos/tasks.o
 .debug_info    0x0000248e      0x42d freertos/serial.o

.debug_abbrev   0x00000000      0xb9c
 *(.debug_abbrev)
 .debug_abbrev  0x00000000      0x12f application/uno.o
 .debug_abbrev  0x0000012f      0x129 freertos/heap_1.o
 .debug_abbrev  0x00000258       0xf6 freertos/list.o
 .debug_abbrev  0x0000034e      0x154 freertos/port.o
 .debug_abbrev  0x000004a2      0x28a freertos/queue.o
 .debug_abbrev  0x0000072c      0x2ea freertos/tasks.o
 .debug_abbrev  0x00000a16      0x186 freertos/serial.o

.debug_line     0x00000000      0xd60
 *(.debug_line .debug_line.* .debug_line_end)
 .debug_line    0x00000000      0x12c application/uno.o
 .debug_line    0x0000012c      0x10e freertos/heap_1.o
 .debug_line    0x0000023a      0x103 freertos/list.o
 .debug_line    0x0000033d      0x1b5 freertos/port.o
 .debug_line    0x000004f2      0x2a1 freertos/queue.o
 .debug_line    0x00000793      0x445 freertos/tasks.o
 .debug_line    0x00000bd8      0x188 freertos/serial.o

.debug_frame    0x00000000      0x710
 *(.debug_frame)
 .debug_frame   0x00000000       0xc4 application/uno.o
 .debug_frame   0x000000c4       0x50 freertos/heap_1.o
 .debug_frame   0x00000114       0x7c freertos/list.o
 .debug_frame   0x00000190       0x74 freertos/port.o
 .debug_frame   0x00000204      0x1b8 freertos/queue.o
 .debug_frame   0x000003bc      0x204 freertos/tasks.o
 .debug_frame   0x000005c0      0x150 freertos/serial.o

.debug_str      0x00000000      0xbaf
 *(.debug_str)
 .debug_str     0x00000000      0x1dd application/uno.o
                                0x216 (size before relaxing)
 .debug_str     0x000001dd       0xab freertos/heap_1.o
                                0x1f3 (size before relaxing)
 .debug_str     0x00000288      0x131 freertos/list.o
                                0x27e (size before relaxing)
 .debug_str     0x000003b9      0x100 freertos/port.o
                                0x265 (size before relaxing)
 .debug_str     0x000004b9      0x2ef freertos/queue.o
                                0x54b (size before relaxing)
 .debug_str     0x000007a8      0x341 freertos/tasks.o
                                0x723 (size before relaxing)
 .debug_str     0x00000ae9       0xc6 freertos/serial.o
                                0x2dd (size before relaxing)

.debug_loc      0x00000000     0x21c9
 *(.debug_loc)
 .debug_loc     0x00000000      0x230 application/uno.o
 .debug_loc     0x00000230       0xf1 freertos/heap_1.o
 .debug_loc     0x00000321       0xfe freertos/list.o
 .debug_loc     0x0000041f      0x2ac freertos/port.o
 .debug_loc     0x000006cb      0xbc9 freertos/queue.o
 .debug_loc     0x00001294      0xa73 freertos/tasks.o
 .debug_loc     0x00001d07      0x4c2 freertos/serial.o

.debug_macinfo
 *(.debug_macinfo)

.debug_weaknames
 *(.debug_weaknames)

.debug_funcnames
 *(.debug_funcnames)

.debug_typenames
 *(.debug_typenames)

.debug_varnames
 *(.debug_varnames)

.debug_pubtypes
 *(.debug_pubtypes)

.debug_ranges   0x00000000      0x1f0
 *(.debug_ranges)
 .debug_ranges  0x00000000       0x30 application/uno.o
 .debug_ranges  0x00000030       0x20 freertos/heap_1.o
 .debug_ranges  0x00000050       0x30 freertos/list.o
 .debug_ranges  0x00000080       0x38 freertos/port.o
 .debug_ranges  0x000000b8       0x58 freertos/queue.o
 .debug_ranges  0x00000110       0xa8 freertos/tasks.o
 .debug_ranges  0x000001b8       0x38 freertos/serial.o

.debug_macro
 *(.debug_macro)
OUTPUT(unox.elf elf32-avr)
LOAD linker stubs
